ASxxxx Linker V03.00/V05.40 + sdld,  page 1.
Hexadecimal  [32-Bits]

Area                                    Addr        Size        Decimal Bytes (Attributes)
--------------------------------        ----        ----        ------- ----- ------------
.  .ABS.                            00000000    00000000 =           0. bytes (ABS,CON)

      Value  Global                              Global Defined In Module
      -----  --------------------------------   ------------------------
     00000000  .__.ABS.                           
     00000000  _rRAMG                             
     00000000  l__BASE                         
     00000000  l__BSS                          
     00000000  l__CABS                         
     00000000  l__CODE_0                       
     00000000  l__CRASH_HEADER                 
     00000000  l__CRASH_SCRATCH                
     00000000  l__DABS                         
     00000000  l__HEADER                       
     00000000  l__HEADER_LCD                   
     00000000  l__HEADER_SIO                   
     00000000  l__HEADER_TIMER                 
     00000000  l__HEAP                         
     00000000  l__HEAP_END                     
     00000000  l__HRAM                         
     00000000  l__LIT                          
     00000000  s__CABS                         
     00000000  s__CRASH_HEADER                 
     00000000  s__CRASH_HEADER0                
     00000000  s__CRASH_HEADER1                
     00000000  s__CRASH_SCRATCH                
     00000000  s__CRASH_SCRATCH2               
     00000000  s__DABS                         
     00000000  s__HEADER                       
     00000000  s__HEADER0                      
     00000000  s__HEADER1                      
     00000000  s__HEADER10                     
     00000000  s__HEADER11                     
     00000000  s__HEADER2                      
     00000000  s__HEADER3                      
     00000000  s__HEADER4                      
     00000000  s__HEADER5                      
     00000000  s__HEADER6                      
     00000000  s__HEADER7                      
     00000000  s__HEADER8                      
     00000000  s__HEADER9                      
     00000000  s__HEADER_LCD                   
     00000000  s__HEADER_LCD0                  
     00000000  s__HEADER_SIO                   
     00000000  s__HEADER_SIO0                  
     00000000  s__HEADER_TIMER                 
     00000000  s__HEADER_TIMER0                
     00000000  s__HEADERa                      
     00000000  s__HEADERb                      
     00000000  s__HEADERc                      
     00000000  s__HEADERd                      
     00000000  s__HEADERe                      
     00000000  s__HEADERf                      
     00000000  s__HRAM                         
ASxxxx Linker V03.00/V05.40 + sdld,  page 2.
Hexadecimal  [32-Bits]

Area                                    Addr        Size        Decimal Bytes (Attributes)
--------------------------------        ----        ----        ------- ----- ------------
.  .ABS.                            00000000    00000000 =           0. bytes (ABS,CON)

      Value  Global                              Global Defined In Module
      -----  --------------------------------   ------------------------
     00000000  s__HRAM12                       
     00000001  ___bank_VM_SGB                     vm_sgb
     00000001  ___bank_bg_gameover_screen_jospl   bg_gameover_screen_josplane_
     00000001  ___bank_palette_0                  palette_0
     00000001  ___bank_sprite_medical             sprite_medical
     00000001  ___mute_mask_sound_legacy_0        sound_legacy_0
     00000001  ___mute_mask_sound_legacy_0_0      sound_legacy_0_0
     00000001  ___mute_mask_sound_legacy_0_2      sound_legacy_0_2
     00000001  ___mute_mask_sound_legacy_0_3      sound_legacy_0_3
     00000001  b_platform_init                    platform
     00000001  b_platform_update                  platform
     00000001  b_ui_draw_frame                    ui
     00000001  b_ui_draw_text_buffer_char         ui
     00000001  b_ui_init                          ui
     00000001  b_ui_load_tiles                    ui
     00000001  b_ui_run_menu                      ui
     00000001  b_ui_run_modal                     ui
     00000001  b_ui_set_start_tile                ui
     00000001  l__GSFINAL                      
     00000001  l__HEADER0                      
     00000001  l__HEADER5                      
     00000001  l__HEADERa                      
     00000001  l__HEADERb                      
     00000001  l__HEADERc                      
     00000001  l__HEADERe                      
     00000001  l__HEADERf                      
     00000002  ___bank_ACTOR                      actor
     00000002  ___bank_VM_ACTOR                   vm_actor
     00000002  ___bank_actor_19_update            actor_19_update
     00000002  ___bank_bg_entry_level_tilemap     bg_entry_level_tilemap
     00000002  ___bank_bg_level_2_tilemap         bg_level_2_tilemap
     00000002  b_activate_actor                   actor
     00000002  b_activate_actors_in_col           actor
     00000002  b_activate_actors_in_row           actor
     00000002  b_actor_at_tile                    actor
     00000002  b_actor_get_frame_offset           actor
     00000002  b_actor_in_front_of_player         actor
     00000002  b_actor_overlapping_bb             actor
     00000002  b_actor_overlapping_player         actor
     00000002  b_actor_set_anim_idle              actor
     00000002  b_actor_set_anim_moving            actor
     00000002  b_actor_set_dir                    actor
     00000002  b_actor_set_frame_offset           actor
     00000002  b_actor_set_frames                 actor
     00000002  b_actors_handle_player_collision   actor
     00000002  b_actors_init                      actor
     00000002  b_check_collision_in_direction     actor
     00000002  b_deactivate_actor                 actor
     00000002  b_player_init                      actor
     00000002  b_vm_actor_activate                vm_actor
     00000002  b_vm_actor_begin_update            vm_actor
ASxxxx Linker V03.00/V05.40 + sdld,  page 3.
Hexadecimal  [32-Bits]

Area                                    Addr        Size        Decimal Bytes (Attributes)
--------------------------------        ----        ----        ------- ----- ------------
.  .ABS.                            00000000    00000000 =           0. bytes (ABS,CON)

      Value  Global                              Global Defined In Module
      -----  --------------------------------   ------------------------
     00000002  b_vm_actor_deactivate              vm_actor
     00000002  b_vm_actor_emote                   vm_actor
     00000002  b_vm_actor_get_angle               vm_actor
     00000002  b_vm_actor_get_anim_frame          vm_actor
     00000002  b_vm_actor_get_dir                 vm_actor
     00000002  b_vm_actor_get_pos                 vm_actor
     00000002  b_vm_actor_move_cancel             vm_actor
     00000002  b_vm_actor_move_to                 vm_actor
     00000002  b_vm_actor_replace_tile            vm_actor
     00000002  b_vm_actor_set_anim                vm_actor
     00000002  b_vm_actor_set_anim_frame          vm_actor
     00000002  b_vm_actor_set_anim_set            vm_actor
     00000002  b_vm_actor_set_anim_tick           vm_actor
     00000002  b_vm_actor_set_bounds              vm_actor
     00000002  b_vm_actor_set_dir                 vm_actor
     00000002  b_vm_actor_set_flags               vm_actor
     00000002  b_vm_actor_set_move_speed          vm_actor
     00000002  b_vm_actor_set_pos                 vm_actor
     00000002  b_vm_actor_set_spritesheet         vm_actor
     00000002  b_vm_actor_set_spritesheet_by_re   vm_actor
     00000002  b_vm_actor_terminate_update        vm_actor
     00000002  l__HEADER10                     
     00000002  l__HEADER6                      
     00000002  l__HEADERd                      
     00000003  ___bank_bg_level_2_tileset_backg   bg_level_2_tileset_backgroun
     00000003  ___bank_bg_level_3_tilemap         bg_level_3_tilemap
     00000003  ___bank_bg_level_3_tileset_backg   bg_level_3_tileset_backgroun
     00000003  ___bank_bg_level_4_tilemap         bg_level_4_tilemap
     00000003  ___bank_scene_7_actors             scene_7_actors
     00000003  ___bank_sound_legacy_0_3           sound_legacy_0_3
     00000003  l__HEADER9                      
     00000003  l__HEADER_LCD0                  
     00000003  l__HRAM12                       
     00000004  ___bank_bg_gameover_screen_jospl   bg_gameover_screen_josplane_
     00000004  ___bank_bg_level_7_tilemap         bg_level_7_tilemap
     00000004  ___bank_bg_level_8_tilemap         bg_level_8_tilemap
     00000004  ___bank_bg_lv_sky_2_tilemap        bg_lv_sky_2_tilemap
     00000004  ___bank_scene_10_collisions        scene_10_collisions
     00000004  ___bank_scene_3_triggers           scene_3_triggers
     00000004  ___mute_mask_sound_boom10_wav      sound_boom10_wav
     00000004  ___mute_mask_sound_sound4_wav      sound_sound4_wav
     00000004  l__CRASH_HEADER1                
     00000004  l__HEADER_SIO0                  
     00000004  l__HEADER_TIMER0                
     00000005  ___bank_bg_menu_tilemap            bg_menu_tilemap
     00000005  ___bank_scene_14_collisions        scene_14_collisions
     00000005  ___bank_scene_15_collisions        scene_15_collisions
     00000005  ___bank_scene_4_collisions         scene_4_collisions
     00000005  ___bank_scene_6_triggers           scene_6_triggers
     00000005  ___bank_scene_8_collisions         scene_8_collisions
     00000005  l__CRASH_HEADER0                
ASxxxx Linker V03.00/V05.40 + sdld,  page 4.
Hexadecimal  [32-Bits]

Area                                    Addr        Size        Decimal Bytes (Attributes)
--------------------------------        ----        ----        ------- ----- ------------
.  .ABS.                            00000000    00000000 =           0. bytes (ABS,CON)

      Value  Global                              Global Defined In Module
      -----  --------------------------------   ------------------------
     00000005  l__HEADER1                      
     00000006  ___bank_VM_MAIN                    vm
     00000006  ___bank_VM_UI                      vm_ui
     00000006  ___bank_actor_11_update            actor_11_update
     00000006  ___bank_font_gbs_mono              font_gbs_mono
     00000006  ___bank_palette_1                  palette_1
     00000006  ___bank_scene_9_collisions         scene_9_collisions
     00000006  ___bank_scene_9_sprites            scene_9_sprites
     00000006  ___bank_script_timer               script_timer
     00000006  ___bank_song_free_ost_1_characte   song_free_ost_1_character_s_
     00000006  b_script_detach_hthread            vm
     00000006  b_script_execute                   vm
     00000006  b_script_runner_init               vm
     00000006  b_script_terminate                 vm
     00000006  b_vm_call                          vm
     00000006  b_vm_call_far                      vm
     00000006  b_vm_choice                        vm_ui
     00000006  b_vm_display_text                  vm_ui
     00000006  b_vm_get_indirect                  vm
     00000006  b_vm_get_tlocal                    vm
     00000006  b_vm_idle                          vm
     00000006  b_vm_if                            vm
     00000006  b_vm_if_const                      vm
     00000006  b_vm_init_rng                      vm
     00000006  b_vm_invoke                        vm
     00000006  b_vm_join                          vm
     00000006  b_vm_jump                          vm
     00000006  b_vm_lock                          vm
     00000006  b_vm_loop                          vm
     00000006  b_vm_memcpy                        vm
     00000006  b_vm_memset                        vm
     00000006  b_vm_overlay_clear                 vm_ui
     00000006  b_vm_overlay_move_to               vm_ui
     00000006  b_vm_overlay_scroll                vm_ui
     00000006  b_vm_overlay_set_map               vm_ui
     00000006  b_vm_overlay_set_scroll            vm_ui
     00000006  b_vm_overlay_set_submap            vm_ui
     00000006  b_vm_overlay_set_submap_ex         vm_ui
     00000006  b_vm_overlay_setpos                vm_ui
     00000006  b_vm_overlay_show                  vm_ui
     00000006  b_vm_overlay_wait                  vm_ui
     00000006  b_vm_poll_loaded                   vm
     00000006  b_vm_pop                           vm
     00000006  b_vm_push                          vm
     00000006  b_vm_push_reference                vm
     00000006  b_vm_push_value                    vm
     00000006  b_vm_push_value_ind                vm
     00000006  b_vm_raise                         vm
     00000006  b_vm_rand                          vm
     00000006  b_vm_reserve                       vm
     00000006  b_vm_ret                           vm
ASxxxx Linker V03.00/V05.40 + sdld,  page 5.
Hexadecimal  [32-Bits]

Area                                    Addr        Size        Decimal Bytes (Attributes)
--------------------------------        ----        ----        ------- ----- ------------
.  .ABS.                            00000000    00000000 =           0. bytes (ABS,CON)

      Value  Global                              Global Defined In Module
      -----  --------------------------------   ------------------------
     00000006  b_vm_ret_far                       vm
     00000006  b_vm_set                           vm
     00000006  b_vm_set_const                     vm
     00000006  b_vm_set_font                      vm_ui
     00000006  b_vm_set_indirect                  vm
     00000006  b_vm_set_text_sound                vm_ui
     00000006  b_vm_switch_text_layer             vm_ui
     00000006  b_vm_terminate                     vm
     00000006  b_vm_test_terminate                vm
     00000006  b_vm_unlock                        vm
     00000006  b_wait_frames                      vm
     00000006  l__HEADER8                      
     00000007  ___bank_bg_level_2_tileset         bg_level_2_tileset
     00000007  ___bank_bg_level_5_tilemap         bg_level_5_tilemap
     00000007  ___bank_bg_level_6_tilemap         bg_level_6_tilemap
     00000007  ___bank_scene_12_collisions        scene_12_collisions
     00000007  ___bank_scene_13_collisions        scene_13_collisions
     00000007  ___bank_sound_boom10_wav           sound_boom10_wav
     00000007  b_do_load_palette                  data_manager
     00000007  b_load_background                  data_manager
     00000007  b_load_bkg_tileset                 data_manager
     00000007  b_load_bounds                      data_manager
     00000007  b_load_emote                       data_manager
     00000007  b_load_init                        data_manager
     00000007  b_load_player                      data_manager
     00000007  b_load_scene                       data_manager
     00000007  b_load_sprite                      data_manager
     00000007  b_scroll_init                      scroll
     00000007  b_scroll_repaint                   scroll
     00000007  b_scroll_reset                     scroll
     00000007  b_scroll_update                    scroll
     00000007  l__HEADER2                      
     00000008  ___bank_VM_GAMEBOY                 vm_gameboy
     00000008  ___bank_bg_entry_level_tileset_b   bg_entry_level_tileset_backg
     00000008  ___bank_bg_entry_level_tileset_b   bg_entry_level_tileset_backg
     00000008  ___bank_bg_level1_background_til   bg_level1_background_tilemap
     00000008  ___bank_bg_level1_background_til   bg_level1_background_tileset
     00000008  ___bank_bg_level_2_tileset_backg   bg_level_2_tileset_backgroun
     00000008  ___bank_bg_level_3_tileset_backg   bg_level_3_tileset_backgroun
     00000008  ___bank_bg_lv_sky_tilemap          bg_lv_sky_tilemap
     00000008  ___bank_scene_11_collisions        scene_11_collisions
     00000008  ___mute_mask_sound_legacy_0_1      sound_legacy_0_1
     00000008  b_scroll_rect                      
     00000008  b_topdown_init                     topdown
     00000008  b_topdown_update                   topdown
     00000008  b_vm_context_prepare               vm_gameboy
     00000008  b_vm_fade                          vm_gameboy
     00000008  b_vm_get_tile_xy                   vm_gameboy
     00000008  b_vm_input_attach                  vm_gameboy
     00000008  b_vm_input_detach                  vm_gameboy
     00000008  b_vm_input_get                     vm_gameboy
ASxxxx Linker V03.00/V05.40 + sdld,  page 6.
Hexadecimal  [32-Bits]

Area                                    Addr        Size        Decimal Bytes (Attributes)
--------------------------------        ----        ----        ------- ----- ------------
.  .ABS.                            00000000    00000000 =           0. bytes (ABS,CON)

      Value  Global                              Global Defined In Module
      -----  --------------------------------   ------------------------
     00000008  b_vm_input_wait                    vm_gameboy
     00000008  b_vm_load_tileset                  vm_gameboy
     00000008  b_vm_poll                          vm_gameboy
     00000008  b_vm_replace_tile                  vm_gameboy
     00000008  b_vm_replace_tile_xy               vm_gameboy
     00000008  b_vm_rumble                        vm_gameboy
     00000008  b_vm_set_sprite_mode               vm_gameboy
     00000008  b_vm_set_sprites_visible           vm_gameboy
     00000008  b_vm_timer_prepare                 vm_gameboy
     00000008  b_vm_timer_reset                   vm_gameboy
     00000008  b_vm_timer_set                     vm_gameboy
     00000008  b_vm_timer_stop                    vm_gameboy
     00000008  l__HEADER3                      
     00000009  ___bank_VM_CAMERA                  vm_camera
     00000009  ___bank_bg_entry_level_tileset     bg_entry_level_tileset
     00000009  ___bank_bg_level_1_tilemap         bg_level_1_tilemap
     00000009  ___bank_bg_level_4_tileset         bg_level_4_tileset
     00000009  ___bank_bg_level_7_tileset         bg_level_7_tileset
     00000009  ___bank_bg_level_8_tileset         bg_level_8_tileset
     00000009  ___bank_bg_lv_sky_2_tileset        bg_lv_sky_2_tileset
     00000009  ___bank_scene_3_collisions         scene_3_collisions
     00000009  ___bank_scene_6_collisions         scene_6_collisions
     00000009  ___bank_scene_7_collisions         scene_7_collisions
     00000009  ___bank_sound_sound4_wav           sound_sound4_wav
     00000009  b___HandleCrash_banked             
     00000009  b_camera_shake_frames              vm_camera
     00000009  b_core_reset                       core
     00000009  b_core_run                         core
     00000009  b_data_clear                       load_save
     00000009  b_data_init                        load_save
     00000009  b_data_load                        load_save
     00000009  b_data_peek                        load_save
     00000009  b_data_save                        load_save
     00000009  b_projectile_launch                projectiles
     00000009  b_projectiles_init                 projectiles
     00000009  b_trigger_activate_at              trigger
     00000009  b_trigger_activate_at_intersecti   trigger
     00000009  b_trigger_at_intersection          trigger
     00000009  b_trigger_at_tile                  trigger
     00000009  b_trigger_interact                 trigger
     00000009  b_trigger_reset                    trigger
     00000009  b_vm_camera_move_to                vm_camera
     00000009  b_vm_camera_set_pos                vm_camera
     0000000A  ___bank_VM_MATH                    vm_math
     0000000A  ___bank_VM_MUSIC                   vm_music
     0000000A  ___bank_VM_PALETTE                 vm_palette
     0000000A  ___bank_VM_SIO                     vm_sio
     0000000A  ___bank_actor_0_update             actor_0_update
     0000000A  ___bank_actor_21_update            actor_21_update
     0000000A  ___bank_actor_22_update            actor_22_update
     0000000A  ___bank_actor_30_update            actor_30_update
ASxxxx Linker V03.00/V05.40 + sdld,  page 7.
Hexadecimal  [32-Bits]

Area                                    Addr        Size        Decimal Bytes (Attributes)
--------------------------------        ----        ----        ------- ----- ------------
.  .ABS.                            00000000    00000000 =           0. bytes (ABS,CON)

      Value  Global                              Global Defined In Module
      -----  --------------------------------   ------------------------
     0000000A  ___bank_actor_32_update            actor_32_update
     0000000A  ___bank_actor_4_update             actor_4_update
     0000000A  ___bank_actor_5_update             actor_5_update
     0000000A  ___bank_bg_level1_background_til   bg_level1_background_tileset
     0000000A  ___bank_bg_level1_background_til   bg_level1_background_tileset
     0000000A  ___bank_bg_level_1_tileset         bg_level_1_tileset
     0000000A  ___bank_bg_level_3_tileset         bg_level_3_tileset
     0000000A  ___bank_bg_level_5_tileset         bg_level_5_tileset
     0000000A  ___bank_bg_level_6_tileset         bg_level_6_tileset
     0000000A  ___bank_bg_lv_sky_tileset          bg_lv_sky_tileset
     0000000A  ___bank_bg_menu_tileset            bg_menu_tileset
     0000000A  ___bank_bg_title_jo_tilemap        bg_title_jo_tilemap
     0000000A  ___bank_scene_3_actors             scene_3_actors
     0000000A  ___bank_scene_4_actors             scene_4_actors
     0000000A  ___bank_scene_5_collisions         scene_5_collisions
     0000000A  ___bank_scene_6_init               scene_6_init
     0000000A  ___bank_scene_8_actors             scene_8_actors
     0000000A  ___bank_scene_logo_collisions      scene_logo_collisions
     0000000A  ___bank_scene_title_screen_colli   scene_title_screen_collision
     0000000A  ___bank_scene_title_screen_init    scene_title_screen_init
     0000000A  ___bank_sprite_a_robot_1_png_til   sprite_a_robot_1_png_tileset
     0000000A  ___bank_sprite_enemy_5_tileset     sprite_enemy_5_tileset
     0000000A  ___bank_sprite_flying_sauser_pet   sprite_flying_sauser_pete_ti
     0000000A  ___bank_sprite_medical_tileset     sprite_medical_tileset
     0000000A  ___bank_sprite_player_tileset      sprite_player_tileset
     0000000A  ___bank_trigger_12_interact        trigger_12_interact
     0000000A  b_atan2                            math_atan2
     0000000A  b_erase_flash                      
     0000000A  b_fade_applypalettechange          fade_manager
     0000000A  b_fade_in                          fade_manager
     0000000A  b_fade_in_modal                    fade_manager
     0000000A  b_fade_init                        fade_manager
     0000000A  b_fade_out                         fade_manager
     0000000A  b_fade_out_modal                   fade_manager
     0000000A  b_fade_setspeed                    fade_manager
     0000000A  b_fade_update                      fade_manager
     0000000A  b_gbprinter_detect                 gbprinter
     0000000A  b_gbprinter_print_overlay          gbprinter
     0000000A  b_save_sram_banks                  
     0000000A  b_set_sgb_border                   sgb_border
     0000000A  b_vm_cos_scale                     vm_math
     0000000A  b_vm_load_palette                  vm_palette
     0000000A  b_vm_music_mute                    vm_music
     0000000A  b_vm_music_play                    vm_music
     0000000A  b_vm_music_routine                 vm_music
     0000000A  b_vm_music_setpos                  vm_music
     0000000A  b_vm_music_stop                    vm_music
     0000000A  b_vm_sfx_play                      vm_music
     0000000A  b_vm_sin_scale                     vm_math
     0000000A  b_vm_sio_exchange                  vm_sio
     0000000A  b_vm_sio_set_mode                  vm_sio
ASxxxx Linker V03.00/V05.40 + sdld,  page 8.
Hexadecimal  [32-Bits]

Area                                    Addr        Size        Decimal Bytes (Attributes)
--------------------------------        ----        ----        ------- ----- ------------
.  .ABS.                            00000000    00000000 =           0. bytes (ABS,CON)

      Value  Global                              Global Defined In Module
      -----  --------------------------------   ------------------------
     0000000A  b_vm_sound_mastervol               vm_music
     0000000B  ___bank_VM_GBPRINTER               vm_gbprinter
     0000000B  ___bank_VM_LOAD_SAVE               vm_load_save
     0000000B  ___bank_VM_PROJECTILE              vm_projectiles
     0000000B  ___bank_VM_RTC                     vm_rtc
     0000000B  ___bank_VM_SCENE                   vm_scene
     0000000B  ___bank_actor_0_interact           actor_0_interact
     0000000B  ___bank_actor_10_interact          actor_10_interact
     0000000B  ___bank_actor_10_update            actor_10_update
     0000000B  ___bank_actor_11_interact          actor_11_interact
     0000000B  ___bank_actor_13_interact          actor_13_interact
     0000000B  ___bank_actor_13_update            actor_13_update
     0000000B  ___bank_actor_14_interact          actor_14_interact
     0000000B  ___bank_actor_14_update            actor_14_update
     0000000B  ___bank_actor_15_interact          actor_15_interact
     0000000B  ___bank_actor_15_update            actor_15_update
     0000000B  ___bank_actor_16_interact          actor_16_interact
     0000000B  ___bank_actor_16_update            actor_16_update
     0000000B  ___bank_actor_1_interact           actor_1_interact
     0000000B  ___bank_actor_1_update             actor_1_update
     0000000B  ___bank_actor_20_interact          actor_20_interact
     0000000B  ___bank_actor_20_update            actor_20_update
     0000000B  ___bank_actor_21_interact          actor_21_interact
     0000000B  ___bank_actor_22_interact          actor_22_interact
     0000000B  ___bank_actor_23_interact          actor_23_interact
     0000000B  ___bank_actor_27_interact          actor_27_interact
     0000000B  ___bank_actor_27_update            actor_27_update
     0000000B  ___bank_actor_28_interact          actor_28_interact
     0000000B  ___bank_actor_28_update            actor_28_update
     0000000B  ___bank_actor_29_update            actor_29_update
     0000000B  ___bank_actor_2_interact           actor_2_interact
     0000000B  ___bank_actor_2_update             actor_2_update
     0000000B  ___bank_actor_30_interact          actor_30_interact
     0000000B  ___bank_actor_31_update            actor_31_update
     0000000B  ___bank_actor_32_interact          actor_32_interact
     0000000B  ___bank_actor_34_interact          actor_34_interact
     0000000B  ___bank_actor_34_update            actor_34_update
     0000000B  ___bank_actor_35_interact          actor_35_interact
     0000000B  ___bank_actor_35_update            actor_35_update
     0000000B  ___bank_actor_36_interact          actor_36_interact
     0000000B  ___bank_actor_36_update            actor_36_update
     0000000B  ___bank_actor_39_interact          actor_39_interact
     0000000B  ___bank_actor_39_update            actor_39_update
     0000000B  ___bank_actor_40_interact          actor_40_interact
     0000000B  ___bank_actor_40_update            actor_40_update
     0000000B  ___bank_actor_41_interact          actor_41_interact
     0000000B  ___bank_actor_41_update            actor_41_update
     0000000B  ___bank_actor_44_interact          actor_44_interact
     0000000B  ___bank_actor_44_update            actor_44_update
     0000000B  ___bank_actor_4_interact           actor_4_interact
     0000000B  ___bank_actor_5_interact           actor_5_interact
ASxxxx Linker V03.00/V05.40 + sdld,  page 9.
Hexadecimal  [32-Bits]

Area                                    Addr        Size        Decimal Bytes (Attributes)
--------------------------------        ----        ----        ------- ----- ------------
.  .ABS.                            00000000    00000000 =           0. bytes (ABS,CON)

      Value  Global                              Global Defined In Module
      -----  --------------------------------   ------------------------
     0000000B  ___bank_actor_6_interact           actor_6_interact
     0000000B  ___bank_actor_6_update             actor_6_update
     0000000B  ___bank_actor_7_interact           actor_7_interact
     0000000B  ___bank_actor_7_update             actor_7_update
     0000000B  ___bank_actor_9_interact           actor_9_interact
     0000000B  ___bank_actor_9_update             actor_9_update
     0000000B  ___bank_bg_title_jo_tileset        bg_title_jo_tileset
     0000000B  ___bank_emote_25                   emote_25
     0000000B  ___bank_emote_love                 emote_love
     0000000B  ___bank_frame_image                frame_image
     0000000B  ___bank_scene_10                   scene_10
     0000000B  ___bank_scene_10_init              scene_10_init
     0000000B  ___bank_scene_11                   scene_11
     0000000B  ___bank_scene_12                   scene_12
     0000000B  ___bank_scene_3_init               scene_3_init
     0000000B  ___bank_scene_3_p_hit1             scene_3_p_hit1
     0000000B  ___bank_scene_3_projectiles        scene_3_projectiles
     0000000B  ___bank_scene_4_init               scene_4_init
     0000000B  ___bank_scene_4_p_hit1             scene_4_p_hit1
     0000000B  ___bank_scene_4_projectiles        scene_4_projectiles
     0000000B  ___bank_scene_4_triggers           scene_4_triggers
     0000000B  ___bank_scene_6_actors             scene_6_actors
     0000000B  ___bank_scene_6_p_hit1             scene_6_p_hit1
     0000000B  ___bank_scene_6_projectiles        scene_6_projectiles
     0000000B  ___bank_scene_7_init               scene_7_init
     0000000B  ___bank_scene_7_p_hit1             scene_7_p_hit1
     0000000B  ___bank_scene_7_projectiles        scene_7_projectiles
     0000000B  ___bank_scene_8_init               scene_8_init
     0000000B  ___bank_scene_8_projectiles        scene_8_projectiles
     0000000B  ___bank_scene_9_actors             scene_9_actors
     0000000B  ___bank_scene_logo_init            scene_logo_init
     0000000B  ___bank_script_engine_init         
     0000000B  ___bank_script_input_0             script_input_0
     0000000B  ___bank_script_input_1             script_input_1
     0000000B  ___bank_script_input_4             script_input_4
     0000000B  ___bank_script_input_7             script_input_7
     0000000B  ___bank_sprite_a_robot_1_png       sprite_a_robot_1_png
     0000000B  ___bank_sprite_bullet_v2           sprite_bullet_v2
     0000000B  ___bank_sprite_bullet_v2_tileset   sprite_bullet_v2_tileset
     0000000B  ___bank_sprite_double_gun_png_ti   sprite_double_gun_png_tilese
     0000000B  ___bank_sprite_enemy1              sprite_enemy1
     0000000B  ___bank_sprite_enemy1_tileset      sprite_enemy1_tileset
     0000000B  ___bank_sprite_enemy3              sprite_enemy3
     0000000B  ___bank_sprite_enemy3_tileset      sprite_enemy3_tileset
     0000000B  ___bank_sprite_enemy_5             sprite_enemy_5
     0000000B  ___bank_sprite_explosion           sprite_explosion
     0000000B  ___bank_sprite_explosion_tileset   sprite_explosion_tileset
     0000000B  ___bank_sprite_flying_sauser_pet   sprite_flying_sauser_pete
     0000000B  ___bank_sprite_hero1_v3            sprite_hero1_v3
     0000000B  ___bank_sprite_hero1_v3_tileset    sprite_hero1_v3_tileset
     0000000B  ___bank_sprite_player              sprite_player
ASxxxx Linker V03.00/V05.40 + sdld,  page 10.
Hexadecimal  [32-Bits]

Area                                    Addr        Size        Decimal Bytes (Attributes)
--------------------------------        ----        ----        ------- ----- ------------
.  .ABS.                            00000000    00000000 =           0. bytes (ABS,CON)

      Value  Global                              Global Defined In Module
      -----  --------------------------------   ------------------------
     0000000B  ___bank_sprite_portal              sprite_portal
     0000000B  ___bank_sprite_portal_tileset      sprite_portal_tileset
     0000000B  ___bank_tileset_default_frame      tileset_default_frame
     0000000B  ___bank_trigger_10_interact        trigger_10_interact
     0000000B  ___bank_trigger_11_interact        trigger_11_interact
     0000000B  ___bank_trigger_1_interact         trigger_1_interact
     0000000B  ___bank_trigger_20_interact        trigger_20_interact
     0000000B  ___bank_trigger_21_interact        trigger_21_interact
     0000000B  ___bank_trigger_23_interact        trigger_23_interact
     0000000B  ___bank_trigger_24_interact        trigger_24_interact
     0000000B  ___bank_trigger_26_interact        trigger_26_interact
     0000000B  ___bank_trigger_28_interact        trigger_28_interact
     0000000B  ___bank_trigger_29_interact        trigger_29_interact
     0000000B  ___bank_trigger_30_interact        trigger_30_interact
     0000000B  ___bank_trigger_3_interact         trigger_3_interact
     0000000B  ___bank_trigger_4_interact         trigger_4_interact
     0000000B  ___bank_trigger_5_interact         trigger_5_interact
     0000000B  ___bank_trigger_6_interact         trigger_6_interact
     0000000B  ___bank_trigger_7_interact         trigger_7_interact
     0000000B  b_events_init                      events
     0000000B  b_itoa_fmt                         vm_ui_a
     0000000B  b_music_events_poll                music_manager
     0000000B  b_music_init_driver                music_manager
     0000000B  b_music_init_events                music_manager
     0000000B  b_restore_sram                     flasher
     0000000B  b_restore_sram_bank                flasher
     0000000B  b_save_sram                        flasher
     0000000B  b_timers_init                      events
     0000000B  b_vm_print_detect                  vm_gbprinter
     0000000B  b_vm_print_overlay                 vm_gbprinter
     0000000B  b_vm_projectile_launch             vm_projectiles
     0000000B  b_vm_projectile_load_type          vm_projectiles
     0000000B  b_vm_rtc_get                       vm_rtc
     0000000B  b_vm_rtc_latch                     vm_rtc
     0000000B  b_vm_rtc_set                       vm_rtc
     0000000B  b_vm_rtc_start                     vm_rtc
     0000000B  b_vm_save_clear                    vm_load_save
     0000000B  b_vm_save_peek                     vm_load_save
     0000000B  b_vm_scene_pop                     vm_scene
     0000000B  b_vm_scene_pop_all                 vm_scene
     0000000B  b_vm_scene_push                    vm_scene
     0000000B  b_vm_scene_stack_reset             vm_scene
     0000000C  ___bank_actor_12_interact          actor_12_interact
     0000000C  ___bank_actor_17_interact          actor_17_interact
     0000000C  ___bank_actor_18_interact          actor_18_interact
     0000000C  ___bank_actor_23_update            actor_23_update
     0000000C  ___bank_actor_24_interact          actor_24_interact
     0000000C  ___bank_actor_25_interact          actor_25_interact
     0000000C  ___bank_actor_33_interact          actor_33_interact
     0000000C  ___bank_actor_37_interact          actor_37_interact
     0000000C  ___bank_actor_38_interact          actor_38_interact
ASxxxx Linker V03.00/V05.40 + sdld,  page 11.
Hexadecimal  [32-Bits]

Area                                    Addr        Size        Decimal Bytes (Attributes)
--------------------------------        ----        ----        ------- ----- ------------
.  .ABS.                            00000000    00000000 =           0. bytes (ABS,CON)

      Value  Global                              Global Defined In Module
      -----  --------------------------------   ------------------------
     0000000C  ___bank_actor_3_interact           actor_3_interact
     0000000C  ___bank_actor_42_interact          actor_42_interact
     0000000C  ___bank_actor_43_interact          actor_43_interact
     0000000C  ___bank_actor_45_interact          actor_45_interact
     0000000C  ___bank_actor_46_interact          actor_46_interact
     0000000C  ___bank_actor_47_interact          actor_47_interact
     0000000C  ___bank_bg_entry_level             bg_entry_level
     0000000C  ___bank_bg_entry_level_tileset_b   bg_entry_level_tileset_backg
     0000000C  ___bank_bg_gameover_screen_jospl   bg_gameover_screen_josplane
     0000000C  ___bank_bg_level1_background       bg_level1_background
     0000000C  ___bank_bg_level1_background_til   bg_level1_background_tileset
     0000000C  ___bank_bg_level_1                 bg_level_1
     0000000C  ___bank_bg_level_2                 bg_level_2
     0000000C  ___bank_bg_level_2_tileset_backg   bg_level_2_tileset_backgroun
     0000000C  ___bank_bg_level_3                 bg_level_3
     0000000C  ___bank_bg_level_3_tileset_backg   bg_level_3_tileset_backgroun
     0000000C  ___bank_bg_level_4                 bg_level_4
     0000000C  ___bank_bg_level_5                 bg_level_5
     0000000C  ___bank_bg_level_6                 bg_level_6
     0000000C  ___bank_bg_level_7                 bg_level_7
     0000000C  ___bank_bg_level_8                 bg_level_8
     0000000C  ___bank_bg_lv_sky                  bg_lv_sky
     0000000C  ___bank_bg_lv_sky_2                bg_lv_sky_2
     0000000C  ___bank_bg_menu                    bg_menu
     0000000C  ___bank_bg_title_jo                bg_title_jo
     0000000C  ___bank_bootstrap_script           
     0000000C  ___bank_cursor_image               cursor_image
     0000000C  ___bank_scene_11_init              scene_11_init
     0000000C  ___bank_scene_12_init              scene_12_init
     0000000C  ___bank_scene_13                   scene_13
     0000000C  ___bank_scene_13_init              scene_13_init
     0000000C  ___bank_scene_14                   scene_14
     0000000C  ___bank_scene_14_init              scene_14_init
     0000000C  ___bank_scene_15                   scene_15
     0000000C  ___bank_scene_15_init              scene_15_init
     0000000C  ___bank_scene_3                    scene_3
     0000000C  ___bank_scene_3_sprites            scene_3_sprites
     0000000C  ___bank_scene_4                    scene_4
     0000000C  ___bank_scene_4_sprites            scene_4_sprites
     0000000C  ___bank_scene_5                    scene_5
     0000000C  ___bank_scene_5_init               scene_5_init
     0000000C  ___bank_scene_6                    scene_6
     0000000C  ___bank_scene_6_sprites            scene_6_sprites
     0000000C  ___bank_scene_7                    scene_7
     0000000C  ___bank_scene_7_sprites            scene_7_sprites
     0000000C  ___bank_scene_7_triggers           scene_7_triggers
     0000000C  ___bank_scene_8                    scene_8
     0000000C  ___bank_scene_8_sprites            scene_8_sprites
     0000000C  ___bank_scene_8_triggers           scene_8_triggers
     0000000C  ___bank_scene_9                    scene_9
     0000000C  ___bank_scene_9_init               scene_9_init
ASxxxx Linker V03.00/V05.40 + sdld,  page 12.
Hexadecimal  [32-Bits]

Area                                    Addr        Size        Decimal Bytes (Attributes)
--------------------------------        ----        ----        ------- ----- ------------
.  .ABS.                            00000000    00000000 =           0. bytes (ABS,CON)

      Value  Global                              Global Defined In Module
      -----  --------------------------------   ------------------------
     0000000C  ___bank_scene_9_triggers           scene_9_triggers
     0000000C  ___bank_scene_logo                 scene_logo
     0000000C  ___bank_scene_title_screen         scene_title_screen
     0000000C  ___bank_script_input               script_input
     0000000C  ___bank_sound_legacy_0             sound_legacy_0
     0000000C  ___bank_sound_legacy_0_0           sound_legacy_0_0
     0000000C  ___bank_sound_legacy_0_1           sound_legacy_0_1
     0000000C  ___bank_sound_legacy_0_2           sound_legacy_0_2
     0000000C  ___bank_sprite_bullet_v0_double_   sprite_bullet_v0_double_1
     0000000C  ___bank_sprite_bullet_v0_double_   sprite_bullet_v0_double_1_ti
     0000000C  ___bank_sprite_bullet_v0_png       sprite_bullet_v0_png
     0000000C  ___bank_sprite_bullet_v0_png_til   sprite_bullet_v0_png_tileset
     0000000C  ___bank_sprite_double_gun_png      sprite_double_gun_png
     0000000C  ___bank_sprite_medic2_png          sprite_medic2_png
     0000000C  ___bank_sprite_medic2_png_tilese   sprite_medic2_png_tileset
     0000000C  ___bank_sprite_projectile_robot_   sprite_projectile_robot_1_1
     0000000C  ___bank_sprite_projectile_robot_   sprite_projectile_robot_1_1_
     0000000C  ___bank_sprite_triple_bodil_png    sprite_triple_bodil_png
     0000000C  ___bank_sprite_triple_bodil_png_   sprite_triple_bodil_png_tile
     0000000C  ___bank_spritesheet_none           spritesheet_none
     0000000C  ___bank_trigger_0_interact         trigger_0_interact
     0000000C  ___bank_trigger_13_interact        trigger_13_interact
     0000000C  ___bank_trigger_14_interact        trigger_14_interact
     0000000C  ___bank_trigger_15_interact        trigger_15_interact
     0000000C  ___bank_trigger_16_interact        trigger_16_interact
     0000000C  ___bank_trigger_17_interact        trigger_17_interact
     0000000C  ___bank_trigger_18_interact        trigger_18_interact
     0000000C  ___bank_trigger_19_interact        trigger_19_interact
     0000000C  ___bank_trigger_22_interact        trigger_22_interact
     0000000C  ___bank_trigger_27_interact        trigger_27_interact
     0000000C  ___bank_trigger_2_interact         trigger_2_interact
     0000000C  ___bank_trigger_8_interact         trigger_8_interact
     0000000C  ___bank_trigger_9_interact         trigger_9_interact
     0000000C  __start_save                    
     0000000C  b_SIO_init                         sio
     0000000C  b_camera_init                      camera
     0000000C  b_input_init                       input
     0000000C  b_logo_init                        logo
     0000000C  b_logo_update                      logo
     0000000C  b_palette_init                     palette
     0000000C  b_parallax_init                    parallax
     0000000C  b_remove_LCD_ISRs                  interrupts
     00000018  l__INITIALIZED                  
     00000018  l__INITIALIZER                  
     0000002D  l__GSINIT                       
     00000030  l__HEADER7                      
     00000060  l__HEADER4                      
     000000AB  l__HEADER11                     
     000001CB  l__CRASH_SCRATCH2               
     00000200  s__CODE                         
     000008DD  l__CODE                         
ASxxxx Linker V03.00/V05.40 + sdld,  page 13.
Hexadecimal  [32-Bits]

Area                                    Addr        Size        Decimal Bytes (Attributes)
--------------------------------        ----        ----        ------- ----- ------------
.  .ABS.                            00000000    00000000 =           0. bytes (ABS,CON)

      Value  Global                              Global Defined In Module
      -----  --------------------------------   ------------------------
     00000ADD  s__HOME                         
     00000CE8  l__CODE_12                      
     0000196E  l__DATA                         
     00002000  _rROMB0                            
     00002C73  l__HOME                         
     00003000  _rROMB1                            
     00003750  s__BASE                         
     00003750  s__CODE_0                       
     00003750  s__INITIALIZER                  
     00003750  s__LIT                          
     00003768  s__GSINIT                       
     00003795  s__GSFINAL                      
     00003FF3  l__CODE_1                       
     00003FF9  l__CODE_9                       
     00003FFE  l__CODE_10                      
     00003FFE  l__CODE_6                       
     00003FFF  l__CODE_7                       
     00003FFF  l__CODE_8                       
     00004000  _RTC_SELECT_REG                    vm_rtc
     00004000  _rRAMB                             
     00004000  l__CODE_11                      
     00004000  l__CODE_2                       
     00004000  l__CODE_3                       
     00004000  l__CODE_4                       
     00004000  l__CODE_5                       
     00006000  _RTC_LATCH_REG                     vm_rtc
     00008000  __VRAM                             
     00008000  __VRAM8000                         
     00008800  __VRAM8800                         
     00009000  __VRAM9000                         
     00009800  __SCRN0                            
     00009C00  __SCRN1                            
     0000A000  _RTC_VALUE_REG                     vm_rtc
     0000A000  __SRAM                             
     0000C000  __RAM                              
     0000C000  _shadow_OAM                     
     0000C0A0  s__DATA                         
     0000D000  __RAMBANK                          
     0000DA0E  s__BSS                          
     0000DA0E  s__INITIALIZED                  
     0000DA26  s__HEAP                         
     0000DA26  s__HEAP_END                     
     0000DF00  .STACK                          
     0000DF00  _shadow_OAM2                       absolute
     0000DFA0  _BkgPalette                        absolute
     0000DFE0  _vwf_tile_data                     absolute
     0000FE00  __OAMRAM                           
     0000FF00  _P1_REG                            
     0000FF00  __IO                               
     0000FF01  _SB_REG                            
     0000FF02  _SC_REG                            
ASxxxx Linker V03.00/V05.40 + sdld,  page 14.
Hexadecimal  [32-Bits]

Area                                    Addr        Size        Decimal Bytes (Attributes)
--------------------------------        ----        ----        ------- ----- ------------
.  .ABS.                            00000000    00000000 =           0. bytes (ABS,CON)

      Value  Global                              Global Defined In Module
      -----  --------------------------------   ------------------------
     0000FF04  _DIV_REG                           
     0000FF05  _TIMA_REG                          
     0000FF06  _TMA_REG                           
     0000FF07  _TAC_REG                           
     0000FF0F  _IF_REG                            
     0000FF10  _NR10_REG                          
     0000FF11  _NR11_REG                          
     0000FF12  _NR12_REG                          
     0000FF13  _NR13_REG                          
     0000FF14  _NR14_REG                          
     0000FF16  _NR21_REG                          
     0000FF17  _NR22_REG                          
     0000FF18  _NR23_REG                          
     0000FF19  _NR24_REG                          
     0000FF1A  _NR30_REG                          
     0000FF1B  _NR31_REG                          
     0000FF1C  _NR32_REG                          
     0000FF1D  _NR33_REG                          
     0000FF1E  _NR34_REG                          
     0000FF20  _NR41_REG                          
     0000FF21  _NR42_REG                          
     0000FF22  _NR43_REG                          
     0000FF23  _NR44_REG                          
     0000FF24  _NR50_REG                          
     0000FF25  _NR51_REG                          
     0000FF26  _NR52_REG                          
     0000FF30  _AUD3WAVE                          
     0000FF30  _PCM_SAMPLE                        
     0000FF30  __AUD3WAVERAM                      
     0000FF40  _LCDC_REG                          
     0000FF41  _STAT_REG                          
     0000FF42  _SCY_REG                           
     0000FF43  _SCX_REG                           
     0000FF44  _LY_REG                            
     0000FF45  _LYC_REG                           
     0000FF46  _DMA_REG                           
     0000FF47  _BGP_REG                           
     0000FF48  _OBP0_REG                          
     0000FF49  _OBP1_REG                          
     0000FF4A  _WY_REG                            
     0000FF4B  _WX_REG                            
     0000FF4D  _KEY1_REG                          
     0000FF4F  _VBK_REG                           
     0000FF51  _HDMA1_REG                         
     0000FF52  _HDMA2_REG                         
     0000FF53  _HDMA3_REG                         
     0000FF54  _HDMA4_REG                         
     0000FF55  _HDMA5_REG                         
     0000FF56  _RP_REG                            
     0000FF68  _BCPS_REG                          
     0000FF69  _BCPD_REG                          
ASxxxx Linker V03.00/V05.40 + sdld,  page 15.
Hexadecimal  [32-Bits]

Area                                    Addr        Size        Decimal Bytes (Attributes)
--------------------------------        ----        ----        ------- ----- ------------
.  .ABS.                            00000000    00000000 =           0. bytes (ABS,CON)

      Value  Global                              Global Defined In Module
      -----  --------------------------------   ------------------------
     0000FF6A  _OCPS_REG                          
     0000FF6B  _OCPD_REG                          
     0000FF70  _SVBK_REG                          
     0000FF76  _PCM12_REG                         
     0000FF77  _PCM34_REG                         
     0000FF80  .refresh_OAM                    
     0000FF80  __HRAM                             
     0000FFFF  _IE_REG                            
     00014000  s__CODE_1                       
     00024000  s__CODE_2                       
     00034000  s__CODE_3                       
     00044000  s__CODE_4                       
     00054000  s__CODE_5                       
     00064000  s__CODE_6                       
     00074000  s__CODE_7                       
     00084000  s__CODE_8                       
     00094000  s__CODE_9                       
     000A4000  s__CODE_10                      
     000B4000  s__CODE_11                      
     000C4000  s__CODE_12                      

ASxxxx Linker V03.00/V05.40 + sdld,  page 16.
Hexadecimal  [32-Bits]

Area                                    Addr        Size        Decimal Bytes (Attributes)
--------------------------------        ----        ----        ------- ----- ------------
_CODE                               00000200    000008DD =        2269. bytes (REL,CON)

      Value  Global                              Global Defined In Module
      -----  --------------------------------   ------------------------
     00000200  ___HandleCrash                     
     0000020A  _SIO_send_byte                     
     0000021D  _SIO_receive                       
     0000022E  _GetWinAddr                        
     00000236  _GetBkgAddr                        
     00000244  _state_init                        
     00000249  _state_update                      
     0000026B  _ui_time_masks                     
     00000273  _ui_print_shift_char               
     000002F6  _ui_draw_frame_row                 
     000002FF  .ui_draw_frame_row                 
     00000328  _script_cmds                       vm_instructions
     00000560  _save_signature                    game_signature
     00000564  _start_scene_x                     
     00000566  _start_scene_y                     
     00000568  _start_scene_dir                   
     00000569  _start_scene                       
     0000056C  _start_player_move_speed           
     0000056D  _start_player_anim_tick            
     0000056E  _ui_fonts                          
     00000571  _core_reset_hook                   main
     00000579  _main                              main
     00000581  _state_start_fns                   
     0000058A  _state_update_fns                  
     00000593  _get_vram_byte                     
     0000059B  _get_win_tile_xy                   
     000005A3  _get_bkg_tile_xy                   
     000005E7  gbt_get_pattern_ptr_banked         
     00000606  _gbt_play                          
     000006C1  _gbt_pause                         
     000006D2  _gbt_loop                          
     000006D9  _gbt_stop                          
     000006E4  _gbt_enable_channels               
     000006EB  _gbt_update                        
     000007F0  _hide_sprites_range                Metasprites
     0000081F  __mulsuchar                        mul
     00000822  __muluschar                        mul
     0000082B  __mulschar                         mul
     00000833  __mulint                           mul
     00000852  __muluchar                         mul
     00000864  _set_vram_byte                     
     0000086D  _set_win_tile_xy                   
     00000876  _set_bkg_tile_xy                   
     000008A5  .sgb_check                         
     000008A5  _sgb_check                         
     000008ED  _sgb_transfer                      
     000008F2  .sgb_transfer                      
     00000933  .copy_vram                         
     00000939  _get_data                          
     00000939  _set_data                          
ASxxxx Linker V03.00/V05.40 + sdld,  page 17.
Hexadecimal  [32-Bits]

Area                                    Addr        Size        Decimal Bytes (Attributes)
--------------------------------        ----        ----        ------- ----- ------------
_CODE                               00000200    000008DD =        2269. bytes (REL,CON)

      Value  Global                              Global Defined In Module
      -----  --------------------------------   ------------------------
     00000939  _vmemcpy                           
     00000987  ___move_metasprite                 Metasprites
     000009C4  ___memcpy                          
     000009C4  _memcpy                            
     000009F6  __divsuchar                        divmod
     000009FC  __modsuchar                        divmod
     00000A05  __divuschar                        divmod
     00000A0E  __moduschar                        divmod
     00000A1A  __divschar                         divmod
     00000A1F  __modschar                         divmod
     00000A26  __divsint                          divmod
     00000A2F  __modsint                          divmod
     00000A3B  __divuchar                         divmod
     00000A40  __moduchar                         divmod
     00000A47  __divuint                          divmod
     00000A50  __moduint                          divmod
     00000A5C  .div8                              divmod
     00000A5C  .mod8                              divmod
     00000A64  .div16                             divmod
     00000A64  .mod16                             divmod
     00000A9A  .divu8                             divmod
     00000A9A  .modu8                             divmod
     00000A9D  .divu16                            divmod
     00000A9D  .modu16                            divmod

ASxxxx Linker V03.00/V05.40 + sdld,  page 18.
Hexadecimal  [32-Bits]

Area                                    Addr        Size        Decimal Bytes (Attributes)
--------------------------------        ----        ----        ------- ----- ------------
_HEADER0                            00000000    00000001 =           1. bytes (ABS,CON)

      Value  Global                              Global Defined In Module
      -----  --------------------------------   ------------------------
     00000020  .call_hl                           Runtime

ASxxxx Linker V03.00/V05.40 + sdld,  page 19.
Hexadecimal  [32-Bits]

Area                                    Addr        Size        Decimal Bytes (Attributes)
--------------------------------        ----        ----        ------- ----- ------------
_HEADER1                            00000000    00000005 =           5. bytes (ABS,CON)

      Value  Global                              Global Defined In Module
      -----  --------------------------------   ------------------------
     00000028  .MemsetSmall                       Runtime

ASxxxx Linker V03.00/V05.40 + sdld,  page 20.
Hexadecimal  [32-Bits]

Area                                    Addr        Size        Decimal Bytes (Attributes)
--------------------------------        ----        ----        ------- ----- ------------
_HEADER2                            00000000    00000007 =           7. bytes (ABS,CON)

      Value  Global                              Global Defined In Module
      -----  --------------------------------   ------------------------
     00000030  .MemcpySmall                       Runtime

ASxxxx Linker V03.00/V05.40 + sdld,  page 21.
Hexadecimal  [32-Bits]

Area                                    Addr        Size        Decimal Bytes (Attributes)
--------------------------------        ----        ----        ------- ----- ------------
_HEADER3                            00000000    00000008 =           8. bytes (ABS,CON)

      Value  Global                              Global Defined In Module
      -----  --------------------------------   ------------------------
ASxxxx Linker V03.00/V05.40 + sdld,  page 22.
Hexadecimal  [32-Bits]

Area                                    Addr        Size        Decimal Bytes (Attributes)
--------------------------------        ----        ----        ------- ----- ------------
_HEADER4                            00000000    00000060 =          96. bytes (ABS,CON)

      Value  Global                              Global Defined In Module
      -----  --------------------------------   ------------------------
     00000080  .int                               Runtime
     0000008F  _wait_int_handler                  Runtime
     0000009C  __standard_VBL_handler             Runtime
     000000AB  _refresh_OAM                       Runtime
     000000CC  _set_interrupts                    Runtime

ASxxxx Linker V03.00/V05.40 + sdld,  page 23.
Hexadecimal  [32-Bits]

Area                                    Addr        Size        Decimal Bytes (Attributes)
--------------------------------        ----        ----        ------- ----- ------------
_HEADER5                            00000000    00000001 =           1. bytes (ABS,CON)

      Value  Global                              Global Defined In Module
      -----  --------------------------------   ------------------------
ASxxxx Linker V03.00/V05.40 + sdld,  page 24.
Hexadecimal  [32-Bits]

Area                                    Addr        Size        Decimal Bytes (Attributes)
--------------------------------        ----        ----        ------- ----- ------------
_HEADER6                            00000000    00000002 =           2. bytes (ABS,CON)

      Value  Global                              Global Defined In Module
      -----  --------------------------------   ------------------------
ASxxxx Linker V03.00/V05.40 + sdld,  page 25.
Hexadecimal  [32-Bits]

Area                                    Addr        Size        Decimal Bytes (Attributes)
--------------------------------        ----        ----        ------- ----- ------------
_HEADER7                            00000000    00000030 =          48. bytes (ABS,CON)

      Value  Global                              Global Defined In Module
      -----  --------------------------------   ------------------------
ASxxxx Linker V03.00/V05.40 + sdld,  page 26.
Hexadecimal  [32-Bits]

Area                                    Addr        Size        Decimal Bytes (Attributes)
--------------------------------        ----        ----        ------- ----- ------------
_HEADER8                            00000000    00000006 =           6. bytes (ABS,CON)

      Value  Global                              Global Defined In Module
      -----  --------------------------------   ------------------------
ASxxxx Linker V03.00/V05.40 + sdld,  page 27.
Hexadecimal  [32-Bits]

Area                                    Addr        Size        Decimal Bytes (Attributes)
--------------------------------        ----        ----        ------- ----- ------------
_HEADER9                            00000000    00000003 =           3. bytes (ABS,CON)

      Value  Global                              Global Defined In Module
      -----  --------------------------------   ------------------------
ASxxxx Linker V03.00/V05.40 + sdld,  page 28.
Hexadecimal  [32-Bits]

Area                                    Addr        Size        Decimal Bytes (Attributes)
--------------------------------        ----        ----        ------- ----- ------------
_HEADERa                            00000000    00000001 =           1. bytes (ABS,CON)

      Value  Global                              Global Defined In Module
      -----  --------------------------------   ------------------------
ASxxxx Linker V03.00/V05.40 + sdld,  page 29.
Hexadecimal  [32-Bits]

Area                                    Addr        Size        Decimal Bytes (Attributes)
--------------------------------        ----        ----        ------- ----- ------------
_HEADERb                            00000000    00000001 =           1. bytes (ABS,CON)

      Value  Global                              Global Defined In Module
      -----  --------------------------------   ------------------------
ASxxxx Linker V03.00/V05.40 + sdld,  page 30.
Hexadecimal  [32-Bits]

Area                                    Addr        Size        Decimal Bytes (Attributes)
--------------------------------        ----        ----        ------- ----- ------------
_HEADERc                            00000000    00000001 =           1. bytes (ABS,CON)

      Value  Global                              Global Defined In Module
      -----  --------------------------------   ------------------------
ASxxxx Linker V03.00/V05.40 + sdld,  page 31.
Hexadecimal  [32-Bits]

Area                                    Addr        Size        Decimal Bytes (Attributes)
--------------------------------        ----        ----        ------- ----- ------------
_HEADERd                            00000000    00000002 =           2. bytes (ABS,CON)

      Value  Global                              Global Defined In Module
      -----  --------------------------------   ------------------------
ASxxxx Linker V03.00/V05.40 + sdld,  page 32.
Hexadecimal  [32-Bits]

Area                                    Addr        Size        Decimal Bytes (Attributes)
--------------------------------        ----        ----        ------- ----- ------------
_HEADERe                            00000000    00000001 =           1. bytes (ABS,CON)

      Value  Global                              Global Defined In Module
      -----  --------------------------------   ------------------------
ASxxxx Linker V03.00/V05.40 + sdld,  page 33.
Hexadecimal  [32-Bits]

Area                                    Addr        Size        Decimal Bytes (Attributes)
--------------------------------        ----        ----        ------- ----- ------------
_HEADERf                            00000000    00000001 =           1. bytes (ABS,CON)

      Value  Global                              Global Defined In Module
      -----  --------------------------------   ------------------------
ASxxxx Linker V03.00/V05.40 + sdld,  page 34.
Hexadecimal  [32-Bits]

Area                                    Addr        Size        Decimal Bytes (Attributes)
--------------------------------        ----        ----        ------- ----- ------------
_HEADER10                           00000000    00000002 =           2. bytes (ABS,CON)

      Value  Global                              Global Defined In Module
      -----  --------------------------------   ------------------------
ASxxxx Linker V03.00/V05.40 + sdld,  page 35.
Hexadecimal  [32-Bits]

Area                                    Addr        Size        Decimal Bytes (Attributes)
--------------------------------        ----        ----        ------- ----- ------------
_HEADER11                           00000000    000000AB =         171. bytes (ABS,CON)

      Value  Global                              Global Defined In Module
      -----  --------------------------------   ------------------------
     00000150  .reset                             Runtime
     00000150  _reset                             Runtime
     00000157  .code_start                        Runtime
     000001B9  _exit                              Runtime
     000001BD  .wait_vbl_done                     Runtime
     000001BD  _vsync                             Runtime
     000001BD  _wait_vbl_done                     Runtime
     000001CD  .remove_VBL                        Runtime
     000001CD  _remove_VBL                        Runtime
     000001D0  .remove_int                        Runtime
     000001ED  .add_VBL                           Runtime
     000001ED  _add_VBL                           Runtime
     000001F0  .add_int                           Runtime

ASxxxx Linker V03.00/V05.40 + sdld,  page 36.
Hexadecimal  [32-Bits]

Area                                    Addr        Size        Decimal Bytes (Attributes)
--------------------------------        ----        ----        ------- ----- ------------
_HOME                               00000ADD    00002C73 =       11379. bytes (REL,CON)

      Value  Global                              Global Defined In Module
      -----  --------------------------------   ------------------------
     00000ADD  .memset_simple                     Runtime
     00000AE6  .memcpy_simple                     Runtime
     00000B03  .display_off                       Runtime
     00000B03  _display_off                       Runtime
     00000B1B  _actors_update                     actor
     00000F75  _SetBankedBkgData                  bankdata
     00000F91  _SetBankedSpriteData               bankdata
     00000FAD  _SetBankedBkgTiles                 bankdata
     00000FC9  _SetBankedWinTiles                 bankdata
     00000FE5  _ReadBankedFarPtr                  bankdata
     00001007  _ReadBankedUWORD                   bankdata
     00001021  _MemcpyBanked                      bankdata
     00001043  _MemcpyVRAMBanked                  bankdata
     00001072  _IndexOfFarPtr                     bankdata
     000010F7  _camera_update                     camera
     0000122A  _load_animations                   data_manager
     00001283  _events_update                     events
     00001356  _timers_update                     events
     000013DF  _input_update                      input
     00001402  .sio_ISR                           
     0000145C  .timer_ISR                         
     00001471  _simple_LCD_isr                    interrupts
     000014F0  _fullscreen_LCD_isr                interrupts
     0000151C  _VBL_isr                           interrupts
     00001566  _isqrt                             math
     000015C3  _sine_wave                         math
     000016C3  _dir_lookup                        math
     000016CB  _dir_angle_lookup                  math
     000016CF  _music_events_update               music_manager
     00001751  _music_play_isr                    music_manager
     0000181F  _parallax_LCD_isr                  parallax
     0000185C  _projectiles_update                projectiles
     00001CDD  _projectiles_render                projectiles
     00001E32  _scroll_load_pending_row           scroll
     00001E80  _scroll_load_row                   scroll
     00001EC0  _scroll_load_col                   scroll
     00001EF5  _scroll_load_pending_col           scroll
     00001F44  _set_bkg_submap                    
     00001F87  _set_xy_win_submap                 
     00001FB4  .set_xy_win_submap                 
     00001FBD  .set_xy_bkg_submap                 
     00001FCC  .set_xy_submap                     
     00002018  _sfx_play_isr                      sfx_player
     000020F1  _on_SIO_receive                    sio
     00002132  _SIO_update                        sio
     00002199  _ui_update                         ui
     000022D1  _vm_sgb_transfer                   vm_sgb
     0000231E  _vm_load_text                      vm_ui
     00002574  _vm_switch                         vm
     000026A5  _vm_beginthread                    vm
ASxxxx Linker V03.00/V05.40 + sdld,  page 37.
Hexadecimal  [32-Bits]

Area                                    Addr        Size        Decimal Bytes (Attributes)
--------------------------------        ----        ----        ------- ----- ------------
_HOME                               00000ADD    00002C73 =       11379. bytes (REL,CON)

      Value  Global                              Global Defined In Module
      -----  --------------------------------   ------------------------
     000027C9  _vm_rpn                            vm
     000031E1  _vm_get_far                        vm
     0000324F  _vm_call_native                    vm
     00003262  _VM_STEP                           vm
     000032CC  _script_runner_update              vm
     00003431  _fill_win_rect                     
     00003443  _rand                              
     00003443  _randw                             
     0000346E  _initrand                          
     00003470  .initrand                          
     00003479  _get_bkg_data                      
     00003479  _get_win_data                      
     000034C6  _get_sprite_data                   
     000034F9  _abs                               abs
     00003506  _set_win_tiles                     
     0000351A  _set_tile_data                     
     0000351F  _set_bkg_data                      
     0000351F  _set_win_data                      
     00003527  _set_sprite_data                   
     00003557  _reverse                           reverse
     0000358B  ___call__banked                    far_ptr
     000035A8  _to_far_ptr                        far_ptr
     000035DE  .add_LCD                           
     000035DE  _add_LCD                           
     000035E4  .remove_LCD                        
     000035E4  _remove_LCD                        
     000035EA  .fill_rect_wtt                     
     000035F3  .fill_rect_btt                     
     00003640  _fill_bkg_rect                     
     00003652  .padup                             
     00003652  _waitpadup                         
     00003662  .jpad                              
     00003662  _joypad                            
     0000368A  _waitpad                           
     0000368B  .wait_pad                          
     00003692  ___sdcc_call_hl                    call_hl
     00003693  _memset                            memset
     000036C6  .set_xy_wtt                        SetTileMap
     000036CF  .set_xy_btt                        SetTileMap
     000036DE  .set_xy_tt                         SetTileMap
     00003722  ___sdcc_bcall_ehl                  
     0000373C  _set_bkg_tiles                     

ASxxxx Linker V03.00/V05.40 + sdld,  page 38.
Hexadecimal  [32-Bits]

Area                                    Addr        Size        Decimal Bytes (Attributes)
--------------------------------        ----        ----        ------- ----- ------------
_INITIALIZER                        00003750    00000018 =          24. bytes (REL,CON)

      Value  Global                              Global Defined In Module
      -----  --------------------------------   ------------------------
ASxxxx Linker V03.00/V05.40 + sdld,  page 39.
Hexadecimal  [32-Bits]

Area                                    Addr        Size        Decimal Bytes (Attributes)
--------------------------------        ----        ----        ------- ----- ------------
_GSINIT                             00003768    0000002D =          45. bytes (REL,CON)

      Value  Global                              Global Defined In Module
      -----  --------------------------------   ------------------------
     00003768  gsinit                             Runtime

ASxxxx Linker V03.00/V05.40 + sdld,  page 40.
Hexadecimal  [32-Bits]

Area                                    Addr        Size        Decimal Bytes (Attributes)
--------------------------------        ----        ----        ------- ----- ------------
_GSFINAL                            00003795    00000001 =           1. bytes (REL,CON)

      Value  Global                              Global Defined In Module
      -----  --------------------------------   ------------------------
ASxxxx Linker V03.00/V05.40 + sdld,  page 41.
Hexadecimal  [32-Bits]

Area                                    Addr        Size        Decimal Bytes (Attributes)
--------------------------------        ----        ----        ------- ----- ------------
_DATA                               0000C0A0    0000196E =        6510. bytes (REL,CON)

      Value  Global                              Global Defined In Module
      -----  --------------------------------   ------------------------
     0000C0A0  __cpu                              Runtime
     0000C0A1  __is_GBA                           Runtime
     0000C0A2  .mode                              Runtime
     0000C0A3  .sys_time                          Runtime
     0000C0A3  _sys_time                          Runtime
     0000C0A5  .int_0x40                          Runtime
     0000C0B1  _actors                            actor
     0000C4F5  _actors_active_head                actor
     0000C4F7  _actors_active_tail                actor
     0000C4F9  _actors_inactive_head              actor
     0000C4FB  _screen_x                          actor
     0000C4FC  _screen_y                          actor
     0000C4FD  _invalid                           actor
     0000C4FF  _player_moving                     actor
     0000C500  _player_iframes                    actor
     0000C501  _player_collision_actor            actor
     0000C503  _emote_actor                       actor
     0000C505  _emote_timer                       actor
     0000C506  _allocated_sprite_tiles            actor
     0000C507  _allocated_hardware_sprites        actor
     0000C514  _camera_x                          camera
     0000C516  _camera_y                          camera
     0000C518  _camera_offset_x                   camera
     0000C519  _camera_offset_y                   camera
     0000C51A  _camera_deadzone_x                 camera
     0000C51B  _camera_deadzone_y                 camera
     0000C51C  _camera_settings                   camera
     0000C520  _current_scene                     data_manager
     0000C523  _image_bank                        data_manager
     0000C524  _image_ptr                         data_manager
     0000C526  _image_attr_bank                   data_manager
     0000C527  _image_attr_ptr                    data_manager
     0000C529  _collision_bank                    data_manager
     0000C52A  _collision_ptr                     data_manager
     0000C52C  _image_tile_width                  data_manager
     0000C52D  _image_tile_height                 data_manager
     0000C52E  _image_width                       data_manager
     0000C530  _image_height                      data_manager
     0000C532  _sprites_len                       data_manager
     0000C533  _actors_len                        data_manager
     0000C534  _projectiles_len                   data_manager
     0000C535  _player_sprite_len                 data_manager
     0000C536  _scene_type                        data_manager
     0000C537  _scene_LCD_type                    data_manager
     0000C538  _scene_stack                       data_manager
     0000C578  _scene_stack_ptr                   data_manager
     0000C57A  _scene_sprites_base_tiles          data_manager
     0000C5BA  _input_events                      events
     0000C5E2  _input_slots                       events
     0000C5EA  _timer_events                      events
ASxxxx Linker V03.00/V05.40 + sdld,  page 42.
Hexadecimal  [32-Bits]

Area                                    Addr        Size        Decimal Bytes (Attributes)
--------------------------------        ----        ----        ------- ----- ------------
_DATA                               0000C0A0    0000196E =        6510. bytes (REL,CON)

      Value  Global                              Global Defined In Module
      -----  --------------------------------   ------------------------
     0000C5FE  _timer_values                      events
     0000C606  _fade_running                      fade_manager
     0000C607  _fade_frames_per_step              fade_manager
     0000C608  _fade_timer                        fade_manager
     0000C610  _joypads                           input
     0000C615  _frame_joy                         input
     0000C616  _last_joy                          input
     0000C617  _recent_joy                        input
     0000C618  _SIO_status                        
     0000C619  _link_byte_sent                    
     0000C61A  _link_next_mode                    
     0000C61B  _save_blob_size                    load_save
     0000C61D  _routine_queue                     music_manager
     0000C621  _routine_queue_head                music_manager
     0000C622  _routine_queue_tail                music_manager
     0000C623  _music_events                      music_manager
     0000C637  _music_current_track_bank          music_manager
     0000C638  _music_mute_mask                   music_manager
     0000C639  _music_effective_mute              music_manager
[...]
                                          [ scene_6_actors ]
C:/Users/User/AppData/Local/Temp/_gbsbuild/obj/scene_6_collisions.rel
                                          [ scene_6_collisions ]
C:/Users/User/AppData/Local/Temp/_gbsbuild/obj/scene_6_init.rel
                                          [ scene_6_init ]
C:/Users/User/AppData/Local/Temp/_gbsbuild/obj/scene_6_p_hit1.rel
                                          [ scene_6_p_hit1 ]
C:/Users/User/AppData/Local/Temp/_gbsbuild/obj/scene_6_projectiles.rel
                                          [ scene_6_projectiles ]
C:/Users/User/AppData/Local/Temp/_gbsbuild/obj/scene_6_sprites.rel
                                          [ scene_6_sprites ]
C:/Users/User/AppData/Local/Temp/_gbsbuild/obj/scene_6_triggers.rel
                                          [ scene_6_triggers ]
C:/Users/User/AppData/Local/Temp/_gbsbuild/obj/scene_6.rel
                                          [ scene_6 ]
C:/Users/User/AppData/Local/Temp/_gbsbuild/obj/scene_7_actors.rel
                                          [ scene_7_actors ]
C:/Users/User/AppData/Local/Temp/_gbsbuild/obj/scene_7_collisions.rel
                                          [ scene_7_collisions ]
C:/Users/User/AppData/Local/Temp/_gbsbuild/obj/scene_7_init.rel
                                          [ scene_7_init ]
C:/Users/User/AppData/Local/Temp/_gbsbuild/obj/scene_7_p_hit1.rel
                                          [ scene_7_p_hit1 ]
C:/Users/User/AppData/Local/Temp/_gbsbuild/obj/scene_7_projectiles.rel
                                          [ scene_7_projectiles ]
C:/Users/User/AppData/Local/Temp/_gbsbuild/obj/scene_7_sprites.rel
                                          [ scene_7_sprites ]
C:/Users/User/AppData/Local/Temp/_gbsbuild/obj/scene_7_triggers.rel
                                          [ scene_7_triggers ]
C:/Users/User/AppData/Local/Temp/_gbsbuild/obj/scene_7.rel
                                          [ scene_7 ]
C:/Users/User/AppData/Local/Temp/_gbsbuild/obj/scene_8_actors.rel
                                          [ scene_8_actors ]
C:/Users/User/AppData/Local/Temp/_gbsbuild/obj/scene_8_collisions.rel
                                          [ scene_8_collisions ]
C:/Users/User/AppData/Local/Temp/_gbsbuild/obj/scene_8_init.rel
                                          [ scene_8_init ]
C:/Users/User/AppData/Local/Temp/_gbsbuild/obj/scene_8_projectiles.rel
                                          [ scene_8_projectiles ]
C:/Users/User/AppData/Local/Temp/_gbsbuild/obj/scene_8_sprites.rel
                                          [ scene_8_sprites ]
C:/Users/User/AppData/Local/Temp/_gbsbuild/obj/scene_8_triggers.rel
                                          [ scene_8_triggers ]
C:/Users/User/AppData/Local/Temp/_gbsbuild/obj/scene_8.rel
                                          [ scene_8 ]
C:/Users/User/AppData/Local/Temp/_gbsbuild/obj/scene_9_actors.rel
                                          [ scene_9_actors ]
C:/Users/User/AppData/Local/Temp/_gbsbuild/obj/scene_9_collisions.rel
                                          [ scene_9_collisions ]
C:/Users/User/AppData/Local/Temp/_gbsbuild/obj/scene_9_init.rel
                                          [ scene_9_init ]
C:/Users/User/AppData/Local/Temp/_gbsbuild/obj/scene_9_sprites.rel
                                          [ scene_9_sprites ]
C:/Users/User/AppData/Local/Temp/_gbsbuild/obj/scene_9_triggers.rel
                                          [ scene_9_triggers ]
C:/Users/User/AppData/Local/Temp/_gbsbuild/obj/scene_9.rel
                                          [ scene_9 ]
C:/Users/User/AppData/Local/Temp/_gbsbuild/obj/scene_logo_collisions.rel
                                          [ scene_logo_collisions ]
C:/Users/User/AppData/Local/Temp/_gbsbuild/obj/scene_logo_init.rel
                                          [ scene_logo_init ]
C:/Users/User/AppData/Local/Temp/_gbsbuild/obj/scene_logo.rel
                                          [ scene_logo ]
C:/Users/User/AppData/Local/Temp/_gbsbuild/obj/scene_title_screen_collisions.rel
                                          [ scene_title_screen_collisions ]
C:/Users/User/AppData/Local/Temp/_gbsbuild/obj/scene_title_screen_init.rel
                                          [ scene_title_screen_init ]
C:/Users/User/AppData/Local/Temp/_gbsbuild/obj/scene_title_screen.rel
                                          [ scene_title_screen ]
C:/Users/User/AppData/Local/Temp/_gbsbuild/obj/script_engine_init.rel
                                          [  ]
C:/Users/User/AppData/Local/Temp/_gbsbuild/obj/script_input_0.rel
                                          [ script_input_0 ]
C:/Users/User/AppData/Local/Temp/_gbsbuild/obj/script_input_1.rel
                                          [ script_input_1 ]
C:/Users/User/AppData/Local/Temp/_gbsbuild/obj/script_input_4.rel
                                          [ script_input_4 ]
C:/Users/User/AppData/Local/Temp/_gbsbuild/obj/script_input_7.rel
                                          [ script_input_7 ]
C:/Users/User/AppData/Local/Temp/_gbsbuild/obj/script_input.rel
                                          [ script_input ]
C:/Users/User/AppData/Local/Temp/_gbsbuild/obj/script_timer.rel
                                          [ script_timer ]
C:/Users/User/AppData/Local/Temp/_gbsbuild/obj/sound_boom10_wav.rel
                                          [ sound_boom10_wav ]
C:/Users/User/AppData/Local/Temp/_gbsbuild/obj/sound_legacy_0_0.rel
                                          [ sound_legacy_0_0 ]
C:/Users/User/AppData/Local/Temp/_gbsbuild/obj/sound_legacy_0_1.rel
                                          [ sound_legacy_0_1 ]
C:/Users/User/AppData/Local/Temp/_gbsbuild/obj/sound_legacy_0_2.rel
                                          [ sound_legacy_0_2 ]
C:/Users/User/AppData/Local/Temp/_gbsbuild/obj/sound_legacy_0_3.rel
                                          [ sound_legacy_0_3 ]
C:/Users/User/AppData/Local/Temp/_gbsbuild/obj/sound_legacy_0.rel
                                          [ sound_legacy_0 ]
C:/Users/User/AppData/Local/Temp/_gbsbuild/obj/sound_sound4_wav.rel
                                          [ sound_sound4_wav ]
C:/Users/User/AppData/Local/Temp/_gbsbuild/obj/sprite_a_robot_1_png_tileset.rel
                                          [ sprite_a_robot_1_png_tileset ]
C:/Users/User/AppData/Local/Temp/_gbsbuild/obj/sprite_a_robot_1_png.rel
                                          [ sprite_a_robot_1_png ]
C:/Users/User/AppData/Local/Temp/_gbsbuild/obj/sprite_bullet_v0_double_1_tileset.rel
                                          [ sprite_bullet_v0_double_1_tilese ]
C:/Users/User/AppData/Local/Temp/_gbsbuild/obj/sprite_bullet_v0_double_1.rel
                                          [ sprite_bullet_v0_double_1 ]
C:/Users/User/AppData/Local/Temp/_gbsbuild/obj/sprite_bullet_v0_png_tileset.rel
                                          [ sprite_bullet_v0_png_tileset ]
C:/Users/User/AppData/Local/Temp/_gbsbuild/obj/sprite_bullet_v0_png.rel
                                          [ sprite_bullet_v0_png ]
C:/Users/User/AppData/Local/Temp/_gbsbuild/obj/sprite_bullet_v2_tileset.rel
                                          [ sprite_bullet_v2_tileset ]
C:/Users/User/AppData/Local/Temp/_gbsbuild/obj/sprite_bullet_v2.rel
                                          [ sprite_bullet_v2 ]
C:/Users/User/AppData/Local/Temp/_gbsbuild/obj/sprite_double_gun_png_tileset.rel
                                          [ sprite_double_gun_png_tileset ]
C:/Users/User/AppData/Local/Temp/_gbsbuild/obj/sprite_double_gun_png.rel
                                          [ sprite_double_gun_png ]
C:/Users/User/AppData/Local/Temp/_gbsbuild/obj/sprite_enemy_5_tileset.rel
                                          [ sprite_enemy_5_tileset ]
C:/Users/User/AppData/Local/Temp/_gbsbuild/obj/sprite_enemy_5.rel
                                          [ sprite_enemy_5 ]
C:/Users/User/AppData/Local/Temp/_gbsbuild/obj/sprite_enemy1_tileset.rel
                                          [ sprite_enemy1_tileset ]
C:/Users/User/AppData/Local/Temp/_gbsbuild/obj/sprite_enemy1.rel
                                          [ sprite_enemy1 ]
C:/Users/User/AppData/Local/Temp/_gbsbuild/obj/sprite_enemy3_tileset.rel
                                          [ sprite_enemy3_tileset ]
C:/Users/User/AppData/Local/Temp/_gbsbuild/obj/sprite_enemy3.rel
                                          [ sprite_enemy3 ]
C:/Users/User/AppData/Local/Temp/_gbsbuild/obj/sprite_explosion_tileset.rel
                                          [ sprite_explosion_tileset ]
C:/Users/User/AppData/Local/Temp/_gbsbuild/obj/sprite_explosion.rel
                                          [ sprite_explosion ]
C:/Users/User/AppData/Local/Temp/_gbsbuild/obj/sprite_flying_sauser_pete_tileset.rel
                                          [ sprite_flying_sauser_pete_tilese ]
C:/Users/User/AppData/Local/Temp/_gbsbuild/obj/sprite_flying_sauser_pete.rel
                                          [ sprite_flying_sauser_pete ]
C:/Users/User/AppData/Local/Temp/_gbsbuild/obj/sprite_hero1_v3_tileset.rel
                                          [ sprite_hero1_v3_tileset ]
C:/Users/User/AppData/Local/Temp/_gbsbuild/obj/sprite_hero1_v3.rel
                                          [ sprite_hero1_v3 ]
C:/Users/User/AppData/Local/Temp/_gbsbuild/obj/sprite_medic2_png_tileset.rel
                                          [ sprite_medic2_png_tileset ]
C:/Users/User/AppData/Local/Temp/_gbsbuild/obj/sprite_medic2_png.rel
                                          [ sprite_medic2_png ]
C:/Users/User/AppData/Local/Temp/_gbsbuild/obj/sprite_medical_tileset.rel
                                          [ sprite_medical_tileset ]
C:/Users/User/AppData/Local/Temp/_gbsbuild/obj/sprite_medical.rel
                                          [ sprite_medical ]
C:/Users/User/AppData/Local/Temp/_gbsbuild/obj/sprite_player_tileset.rel
                                          [ sprite_player_tileset ]
C:/Users/User/AppData/Local/Temp/_gbsbuild/obj/sprite_player.rel
                                          [ sprite_player ]
C:/Users/User/AppData/Local/Temp/_gbsbuild/obj/sprite_portal_tileset.rel
                                          [ sprite_portal_tileset ]
C:/Users/User/AppData/Local/Temp/_gbsbuild/obj/sprite_portal.rel
                                          [ sprite_portal ]
C:/Users/User/AppData/Local/Temp/_gbsbuild/obj/sprite_projectile_robot_1_1_tileset.rel
                                          [ sprite_projectile_robot_1_1_tile ]
C:/Users/User/AppData/Local/Temp/_gbsbuild/obj/sprite_projectile_robot_1_1.rel
                                          [ sprite_projectile_robot_1_1 ]
C:/Users/User/AppData/Local/Temp/_gbsbuild/obj/sprite_triple_bodil_png_tileset.rel
                                          [ sprite_triple_bodil_png_tileset ]
C:/Users/User/AppData/Local/Temp/_gbsbuild/obj/sprite_triple_bodil_png.rel
                                          [ sprite_triple_bodil_png ]
C:/Users/User/AppData/Local/Temp/_gbsbuild/obj/spritesheet_none.rel
                                          [ spritesheet_none ]
C:/Users/User/AppData/Local/Temp/_gbsbuild/obj/tileset_default_frame.rel
                                          [ tileset_default_frame ]
C:/Users/User/AppData/Local/Temp/_gbsbuild/obj/trigger_0_interact.rel
                                          [ trigger_0_interact ]
C:/Users/User/AppData/Local/Temp/_gbsbuild/obj/trigger_1_interact.rel
                                          [ trigger_1_interact ]
C:/Users/User/AppData/Local/Temp/_gbsbuild/obj/trigger_10_interact.rel
                                          [ trigger_10_interact ]
C:/Users/User/AppData/Local/Temp/_gbsbuild/obj/trigger_11_interact.rel
                                          [ trigger_11_interact ]
C:/Users/User/AppData/Local/Temp/_gbsbuild/obj/trigger_12_interact.rel
                                          [ trigger_12_interact ]
C:/Users/User/AppData/Local/Temp/_gbsbuild/obj/trigger_13_interact.rel
                                          [ trigger_13_interact ]
C:/Users/User/AppData/Local/Temp/_gbsbuild/obj/trigger_14_interact.rel
                                          [ trigger_14_interact ]
C:/Users/User/AppData/Local/Temp/_gbsbuild/obj/trigger_15_interact.rel
                                          [ trigger_15_interact ]
C:/Users/User/AppData/Local/Temp/_gbsbuild/obj/trigger_16_interact.rel
                                          [ trigger_16_interact ]
C:/Users/User/AppData/Local/Temp/_gbsbuild/obj/trigger_17_interact.rel
                                          [ trigger_17_interact ]
C:/Users/User/AppData/Local/Temp/_gbsbuild/obj/trigger_18_interact.rel
                                          [ trigger_18_interact ]
C:/Users/User/AppData/Local/Temp/_gbsbuild/obj/trigger_19_interact.rel
                                          [ trigger_19_interact ]
C:/Users/User/AppData/Local/Temp/_gbsbuild/obj/trigger_2_interact.rel
                                          [ trigger_2_interact ]
C:/Users/User/AppData/Local/Temp/_gbsbuild/obj/trigger_20_interact.rel
                                          [ trigger_20_interact ]
C:/Users/User/AppData/Local/Temp/_gbsbuild/obj/trigger_21_interact.rel
                                          [ trigger_21_interact ]
C:/Users/User/AppData/Local/Temp/_gbsbuild/obj/trigger_22_interact.rel
                                          [ trigger_22_interact ]
C:/Users/User/AppData/Local/Temp/_gbsbuild/obj/trigger_23_interact.rel
                                          [ trigger_23_interact ]
C:/Users/User/AppData/Local/Temp/_gbsbuild/obj/trigger_24_interact.rel
                                          [ trigger_24_interact ]
C:/Users/User/AppData/Local/Temp/_gbsbuild/obj/trigger_26_interact.rel
                                          [ trigger_26_interact ]
C:/Users/User/AppData/Local/Temp/_gbsbuild/obj/trigger_27_interact.rel
                                          [ trigger_27_interact ]
C:/Users/User/AppData/Local/Temp/_gbsbuild/obj/trigger_28_interact.rel
                                          [ trigger_28_interact ]
C:/Users/User/AppData/Local/Temp/_gbsbuild/obj/trigger_29_interact.rel
                                          [ trigger_29_interact ]
C:/Users/User/AppData/Local/Temp/_gbsbuild/obj/trigger_3_interact.rel
                                          [ trigger_3_interact ]
C:/Users/User/AppData/Local/Temp/_gbsbuild/obj/trigger_30_interact.rel
                                          [ trigger_30_interact ]
C:/Users/User/AppData/Local/Temp/_gbsbuild/obj/trigger_4_interact.rel
                                          [ trigger_4_interact ]
C:/Users/User/AppData/Local/Temp/_gbsbuild/obj/trigger_5_interact.rel
                                          [ trigger_5_interact ]
C:/Users/User/AppData/Local/Temp/_gbsbuild/obj/trigger_6_interact.rel
                                          [ trigger_6_interact ]
C:/Users/User/AppData/Local/Temp/_gbsbuild/obj/trigger_7_interact.rel
                                          [ trigger_7_interact ]
C:/Users/User/AppData/Local/Temp/_gbsbuild/obj/trigger_8_interact.rel
                                          [ trigger_8_interact ]
C:/Users/User/AppData/Local/Temp/_gbsbuild/obj/trigger_9_interact.rel
                                          [ trigger_9_interact ]
C:/Users/User/AppData/Local/Temp/_gbsbuild/obj/main.rel
                                          [ main ]
C:/Users/User/AppData/Local/Temp/_gbsbuild/obj/logo.rel
                                          [ logo ]
C:/Users/User/AppData/Local/Temp/_gbsbuild/obj/platform.rel
                                          [ platform ]
C:/Users/User/AppData/Local/Temp/_gbsbuild/obj/states_ptrs.rel
                                          [  ]
C:/Users/User/AppData/Local/Temp/_gbsbuild/obj/topdown.rel
                                          [ topdown ]


Libraries Linked                          [ object file ]

C:\Users\User\AppData\Local\Temp/_gbstools/gbdk/lib/gb/gb.lib
                                          [ fill_rect_wi.o ]
C:\Users\User\AppData\Local\Temp/_gbstools/gbdk/lib/sm83/sm83.lib
                                          [ rand.o ]
C:\Users\User\AppData\Local\Temp/_gbstools/gbdk/lib/gb/gb.lib
                                          [ sfr.o ]
C:\Users\User\AppData\Local\Temp/_gbstools/gbdk/lib/gb/gb.lib
                                          [ get_data.o ]
C:\Users\User\AppData\Local\Temp/_gbstools/gbdk/lib/gb/gb.lib
                                          [ get_tile.o ]
lib/gbt_player.lib                        [ gbt_player.o ]
C:\Users\User\AppData\Local\Temp/_gbstools/gbdk/lib/gb/gb.lib
                                          [ metasprites_hide_spr.o ]
C:\Users\User\AppData\Local\Temp/_gbstools/gbdk/lib/sm83/sm83.lib
                                          [ mul.o ]
C:\Users\User\AppData\Local\Temp/_gbstools/gbdk/lib/gb/gb.lib
                                          [ set_tile.o ]
C:\Users\User\AppData\Local\Temp/_gbstools/gbdk/lib/sm83/sm83.lib
                                          [ abs.o ]
C:\Users\User\AppData\Local\Temp/_gbstools/gbdk/lib/gb/gb.lib
                                          [ set_wi_t.o ]
C:\Users\User\AppData\Local\Temp/_gbstools/gbdk/lib/gb/gb.lib
                                          [ set_data.o ]
C:\Users\User\AppData\Local\Temp/_gbstools/gbdk/lib/sm83/sm83.lib
                                          [ reverse.o ]
C:\Users\User\AppData\Local\Temp/_gbstools/gbdk/lib/gb/gb.lib
                                          [ far_ptr.o ]
C:\Users\User\AppData\Local\Temp/_gbstools/gbdk/lib/gb/gb.lib
                                          [ sgb.o ]
C:\Users\User\AppData\Local\Temp/_gbstools/gbdk/lib/gb/gb.lib
                                          [ lcd.o ]
C:\Users\User\AppData\Local\Temp/_gbstools/gbdk/lib/gb/gb.lib
                                          [ fill_rect.o ]
C:\Users\User\AppData\Local\Temp/_gbstools/gbdk/lib/gb/gb.lib
                                          [ cpy_data.o ]
C:\Users\User\AppData\Local\Temp/_gbstools/gbdk/lib/gb/gb.lib
                                          [ fill_rect_bk.o ]
C:\Users\User\AppData\Local\Temp/_gbstools/gbdk/lib/gb/gb.lib
                                          [ pad.o ]
C:\Users\User\AppData\Local\Temp/_gbstools/gbdk/lib/gb/gb.lib
                                          [ metasprites.o ]
C:\Users\User\AppData\Local\Temp/_gbstools/gbdk/lib/sm83/sm83.lib
                                          [ __sdcc_call_hl.o ]
C:\Users\User\AppData\Local\Temp/_gbstools/gbdk/lib/sm83/sm83.lib
                                          [ memcpy.o ]
C:\Users\User\AppData\Local\Temp/_gbstools/gbdk/lib/sm83/sm83.lib
                                          [ _memset.o ]
C:\Users\User\AppData\Local\Temp/_gbstools/gbdk/lib/gb/gb.lib
                                          [ set_xy_t.o ]
C:\Users\User\AppData\Local\Temp/_gbstools/gbdk/lib/gb/gb.lib
                                          [ ___sdcc_bcall_ehl.o ]
C:\Users\User\AppData\Local\Temp/_gbstools/gbdk/lib/sm83/sm83.lib
                                          [ div.o ]
C:\Users\User\AppData\Local\Temp/_gbstools/gbdk/lib/gb/gb.lib
                                          [ set_bk_t.o ]
lib/gbt_player.lib                        [ gbt_player_bank1.o ]

ASxxxx Linker V03.00/V05.40 + sdld,  page 93.

User Base Address Definitions

_DATA=0xC0A0
_CODE=0x0200
ASxxxx Linker V03.00/V05.40 + sdld,  page 94.

User Global Definitions

.STACK=0xDF00
_shadow_OAM=0xC000
.refresh_OAM=0xFF80
__start_save=12

