ASxxxx Linker V03.00 + NoICE + sdld,  page 1.
Hexadecimal  [32-Bits]

Area                                    Addr        Size        Decimal Bytes (Attributes)
--------------------------------        ----        ----        ------- ----- ------------
.  .ABS.                            00000000    00000000 =           0. bytes (ABS,CON)

      Value  Global                              Global Defined In Module
      -----  --------------------------------   ------------------------
     00000000  .__.ABS.                           
     00000000  _rRAMG                             
     00000000  l__BASE                         
     00000000  l__BSS                          
     00000000  l__CABS                         
     00000000  l__CODE_0                       
     00000000  l__CRASH_HEADER                 
     00000000  l__CRASH_SCRATCH                
     00000000  l__DABS                         
     00000000  l__EHL_TRAMPOLINE               
     00000000  l__HEADER                       
     00000000  l__HEADER_LCD                   
     00000000  l__HEADER_SIO                   
     00000000  l__HEADER_TIMER                 
     00000000  l__HEAP                         
     00000000  l__HRAM                         
     00000000  l__LIT                          
     00000000  s__CABS                         
     00000000  s__CRASH_HEADER                 
     00000000  s__CRASH_HEADER0                
     00000000  s__CRASH_HEADER1                
     00000000  s__CRASH_SCRATCH                
     00000000  s__CRASH_SCRATCH2               
     00000000  s__DABS                         
     00000000  s__EHL_TRAMPOLINE               
     00000000  s__EHL_TRAMPOLINE0              
     00000000  s__HEADER                       
     00000000  s__HEADER0                      
     00000000  s__HEADER1                      
     00000000  s__HEADER10                     
     00000000  s__HEADER11                     
     00000000  s__HEADER2                      
     00000000  s__HEADER3                      
     00000000  s__HEADER4                      
     00000000  s__HEADER5                      
     00000000  s__HEADER6                      
     00000000  s__HEADER7                      
     00000000  s__HEADER8                      
     00000000  s__HEADER9                      
     00000000  s__HEADER_LCD                   
     00000000  s__HEADER_LCD0                  
     00000000  s__HEADER_SIO                   
     00000000  s__HEADER_SIO0                  
     00000000  s__HEADER_TIMER                 
     00000000  s__HEADER_TIMER0                
     00000000  s__HEADERa                      
     00000000  s__HEADERb                      
     00000000  s__HEADERc                      
     00000000  s__HEADERd                      
     00000000  s__HEADERe                      
ASxxxx Linker V03.00 + NoICE + sdld,  page 2.
Hexadecimal  [32-Bits]

Area                                    Addr        Size        Decimal Bytes (Attributes)
--------------------------------        ----        ----        ------- ----- ------------
.  .ABS.                            00000000    00000000 =           0. bytes (ABS,CON)

      Value  Global                              Global Defined In Module
      -----  --------------------------------   ------------------------
     00000000  s__HEADERf                      
     00000000  s__HRAM                         
     00000000  s__HRAM12                       
     00000001  ___bank_ACTOR                      actor
     00000001  ___bank_VM_SGB                     vm_sgb
     00000001  ___bank_bg_forest1withui_tileset   bg_forest1withui_tileset
     00000001  ___bank_bg_placeholder_tileset     bg_placeholder_tileset
     00000001  ___bank_scene_10_sprites           scene_10_sprites
     00000001  ___bank_scene_16_init              scene_16_init
     00000001  b_activate_actor                   actor
     00000001  b_activate_actors_in_col           actor
     00000001  b_activate_actors_in_row           actor
     00000001  b_actor_at_tile                    actor
     00000001  b_actor_get_frame_offset           actor
     00000001  b_actor_in_front_of_player         actor
     00000001  b_actor_overlapping_bb             actor
     00000001  b_actor_overlapping_player         actor
     00000001  b_actor_set_anim_idle              actor
     00000001  b_actor_set_anim_moving            actor
     00000001  b_actor_set_dir                    actor
     00000001  b_actor_set_frame_offset           actor
     00000001  b_actor_set_frames                 actor
     00000001  b_actors_handle_player_collision   actor
     00000001  b_actors_init                      actor
     00000001  b_check_collision_in_direction     actor
     00000001  b_deactivate_actor                 actor
     00000001  b_player_init                      actor
     00000001  b_ui_draw_frame                    ui
     00000001  b_ui_draw_text_buffer_char         ui
     00000001  b_ui_init                          ui
     00000001  b_ui_load_tiles                    ui
     00000001  b_ui_run_menu                      ui
     00000001  b_ui_run_modal                     ui
     00000001  b_ui_set_start_tile                ui
     00000001  l__GSFINAL                      
     00000001  l__HEADER0                      
     00000001  l__HEADER11                     
     00000001  l__HEADER9                      
     00000001  l__HEADERa                      
     00000001  l__HEADERb                      
     00000001  l__HEADERd                      
     00000001  l__HEADERe                      
     00000002  ___bank_VM_ACTOR                   vm_actor
     00000002  ___bank_VM_MAIN                    vm
     00000002  ___bank_actor_0_interact           actor_0_interact
     00000002  ___bank_bg_village_tileset         bg_village_tileset
     00000002  ___bank_palette_0                  palette_0
     00000002  b_platform_init                    platform
     00000002  b_platform_update                  platform
     00000002  b_script_detach_hthread            vm
     00000002  b_script_execute                   vm
ASxxxx Linker V03.00 + NoICE + sdld,  page 3.
Hexadecimal  [32-Bits]

Area                                    Addr        Size        Decimal Bytes (Attributes)
--------------------------------        ----        ----        ------- ----- ------------
.  .ABS.                            00000000    00000000 =           0. bytes (ABS,CON)

      Value  Global                              Global Defined In Module
      -----  --------------------------------   ------------------------
     00000002  b_script_runner_init               vm
     00000002  b_script_terminate                 vm
     00000002  b_vm_actor_activate                vm_actor
     00000002  b_vm_actor_deactivate              vm_actor
     00000002  b_vm_actor_emote                   vm_actor
     00000002  b_vm_actor_get_angle               vm_actor
     00000002  b_vm_actor_get_anim_frame          vm_actor
     00000002  b_vm_actor_get_dir                 vm_actor
     00000002  b_vm_actor_get_pos                 vm_actor
     00000002  b_vm_actor_move_cancel             vm_actor
     00000002  b_vm_actor_move_to                 vm_actor
     00000002  b_vm_actor_replace_tile            vm_actor
     00000002  b_vm_actor_set_anim                vm_actor
     00000002  b_vm_actor_set_anim_frame          vm_actor
     00000002  b_vm_actor_set_anim_set            vm_actor
     00000002  b_vm_actor_set_anim_tick           vm_actor
     00000002  b_vm_actor_set_bounds              vm_actor
     00000002  b_vm_actor_set_dir                 vm_actor
     00000002  b_vm_actor_set_flags               vm_actor
     00000002  b_vm_actor_set_move_speed          vm_actor
     00000002  b_vm_actor_set_pos                 vm_actor
     00000002  b_vm_actor_set_spritesheet         vm_actor
     00000002  b_vm_actor_set_spritesheet_by_re   vm_actor
     00000002  b_vm_actor_terminate_update        vm_actor
     00000002  b_vm_call                          vm
     00000002  b_vm_call_far                      vm
     00000002  b_vm_get_indirect                  vm
     00000002  b_vm_get_int16                     vm
     00000002  b_vm_get_int8                      vm
     00000002  b_vm_get_tlocal                    vm
     00000002  b_vm_get_uint8                     vm
     00000002  b_vm_idle                          vm
     00000002  b_vm_if                            vm
     00000002  b_vm_if_const                      vm
     00000002  b_vm_init_rng                      vm
     00000002  b_vm_invoke                        vm
     00000002  b_vm_join                          vm
     00000002  b_vm_jump                          vm
     00000002  b_vm_lock                          vm
     00000002  b_vm_loop                          vm
     00000002  b_vm_memcpy                        vm
     00000002  b_vm_memset                        vm
     00000002  b_vm_poll_loaded                   vm
     00000002  b_vm_pop                           vm
     00000002  b_vm_push                          vm
     00000002  b_vm_push_reference                vm
     00000002  b_vm_push_value                    vm
     00000002  b_vm_push_value_ind                vm
     00000002  b_vm_raise                         vm
     00000002  b_vm_rand                          vm
     00000002  b_vm_reserve                       vm
ASxxxx Linker V03.00 + NoICE + sdld,  page 4.
Hexadecimal  [32-Bits]

Area                                    Addr        Size        Decimal Bytes (Attributes)
--------------------------------        ----        ----        ------- ----- ------------
.  .ABS.                            00000000    00000000 =           0. bytes (ABS,CON)

      Value  Global                              Global Defined In Module
      -----  --------------------------------   ------------------------
     00000002  b_vm_ret                           vm
     00000002  b_vm_ret_far                       vm
     00000002  b_vm_set                           vm
     00000002  b_vm_set_const                     vm
     00000002  b_vm_set_const_int16               vm
     00000002  b_vm_set_const_int8                vm
     00000002  b_vm_set_indirect                  vm
     00000002  b_vm_set_int16                     vm
     00000002  b_vm_set_int8                      vm
     00000002  b_vm_set_uint8                     vm
     00000002  b_vm_terminate                     vm
     00000002  b_vm_test_terminate                vm
     00000002  b_vm_unlock                        vm
     00000002  b_wait_frames                      vm
     00000002  l__HEADER5                      
     00000002  l__HEADERc                      
     00000002  l__HEADERf                      
     00000003  ___bank_VM_GAMEBOY                 vm_gameboy
     00000003  ___bank_bg_villagewithui_tileset   bg_villagewithui_tileset
     00000003  ___bank_font_gbs_mono              font_gbs_mono
     00000003  b_adventure_init                   adventure
     00000003  b_adventure_update                 adventure
     00000003  b_camera_init                      camera
     00000003  b_camera_reset                     camera
     00000003  b_do_load_palette                  data_manager
     00000003  b_load_background                  data_manager
     00000003  b_load_bkg_tileset                 data_manager
     00000003  b_load_bounds                      data_manager
     00000003  b_load_emote                       data_manager
     00000003  b_load_init                        data_manager
     00000003  b_load_player                      data_manager
     00000003  b_load_scene                       data_manager
     00000003  b_load_sprite                      data_manager
     00000003  b_scroll_init                      scroll
     00000003  b_scroll_repaint                   scroll
     00000003  b_scroll_reset                     scroll
     00000003  b_scroll_update                    scroll
     00000003  b_shmup_init                       shmup
     00000003  b_shmup_update                     shmup
     00000003  b_vm_context_prepare               vm_gameboy
     00000003  b_vm_fade                          vm_gameboy
     00000003  b_vm_get_tile_xy                   vm_gameboy
     00000003  b_vm_input_attach                  vm_gameboy
     00000003  b_vm_input_detach                  vm_gameboy
     00000003  b_vm_input_get                     vm_gameboy
     00000003  b_vm_input_wait                    vm_gameboy
     00000003  b_vm_load_tiles                    vm_gameboy
     00000003  b_vm_load_tileset                  vm_gameboy
     00000003  b_vm_poll                          vm_gameboy
     00000003  b_vm_replace_tile                  vm_gameboy
     00000003  b_vm_replace_tile_xy               vm_gameboy
ASxxxx Linker V03.00 + NoICE + sdld,  page 5.
Hexadecimal  [32-Bits]

Area                                    Addr        Size        Decimal Bytes (Attributes)
--------------------------------        ----        ----        ------- ----- ------------
.  .ABS.                            00000000    00000000 =           0. bytes (ABS,CON)

      Value  Global                              Global Defined In Module
      -----  --------------------------------   ------------------------
     00000003  b_vm_rumble                        vm_gameboy
     00000003  b_vm_set_sprite_mode               vm_gameboy
     00000003  b_vm_set_sprites_visible           vm_gameboy
     00000003  b_vm_timer_prepare                 vm_gameboy
     00000003  b_vm_timer_reset                   vm_gameboy
     00000003  b_vm_timer_set                     vm_gameboy
     00000003  b_vm_timer_stop                    vm_gameboy
     00000003  l__HEADER8                      
     00000003  l__HEADER_LCD0                  
     00000003  l__HRAM12                       
     00000004  ___bank_VM_UI                      vm_ui
     00000004  ___bank_bg_forestfinalwithui_til   bg_forestfinalwithui_tileset
     00000004  ___bank_bg_forestleftwithui_tile   bg_forestleftwithui_tileset
     00000004  ___bank_bg_forestrightwithui_til   bg_forestrightwithui_tileset
     00000004  ___bank_bg_houseinteriorwithui_t   bg_houseinteriorwithui_tiles
     00000004  ___bank_bg_village_tilemap         bg_village_tilemap
     00000004  ___bank_bg_villagewithui_tilemap   bg_villagewithui_tilemap
     00000004  ___bank_palette_1                  palette_1
     00000004  ___bank_scene_18_collisions        scene_18_collisions
     00000004  ___bank_scene_4_collisions         scene_4_collisions
     00000004  ___bank_sprite_playersprites_til   sprite_playersprites_tileset
     00000004  __start_save                    
     00000004  b_core_reset                       core
     00000004  b_core_run                         core
     00000004  b_projectile_launch                projectiles
     00000004  b_projectiles_init                 projectiles
     00000004  b_scroll_rect                      
     00000004  b_topdown_init                     topdown
     00000004  b_topdown_update                   topdown
     00000004  b_vm_choice                        vm_ui
     00000004  b_vm_display_text                  vm_ui
     00000004  b_vm_overlay_clear                 vm_ui
     00000004  b_vm_overlay_move_to               vm_ui
     00000004  b_vm_overlay_scroll                vm_ui
     00000004  b_vm_overlay_set_map               vm_ui
     00000004  b_vm_overlay_set_scroll            vm_ui
     00000004  b_vm_overlay_set_submap            vm_ui
     00000004  b_vm_overlay_set_submap_ex         vm_ui
     00000004  b_vm_overlay_setpos                vm_ui
     00000004  b_vm_overlay_show                  vm_ui
     00000004  b_vm_overlay_wait                  vm_ui
     00000004  b_vm_set_font                      vm_ui
     00000004  b_vm_set_text_sound                vm_ui
     00000004  b_vm_switch_text_layer             vm_ui
     00000004  l__CRASH_HEADER1                
     00000004  l__HEADER_SIO0                  
     00000004  l__HEADER_TIMER0                
     00000005  ___bank_VM_CAMERA                  vm_camera
     00000005  ___bank_VM_SIO                     vm_sio
     00000005  ___bank_bg_dungeon1withui_tilema   bg_dungeon1withui_tilemap
     00000005  ___bank_bg_dungeon1withui_tilese   bg_dungeon1withui_tileset
ASxxxx Linker V03.00 + NoICE + sdld,  page 6.
Hexadecimal  [32-Bits]

Area                                    Addr        Size        Decimal Bytes (Attributes)
--------------------------------        ----        ----        ------- ----- ------------
.  .ABS.                            00000000    00000000 =           0. bytes (ABS,CON)

      Value  Global                              Global Defined In Module
      -----  --------------------------------   ------------------------
     00000005  ___bank_bg_dungeonfinalwithui_ti   bg_dungeonfinalwithui_tilema
     00000005  ___bank_bg_dungeonfinalwithui_ti   bg_dungeonfinalwithui_tilese
     00000005  ___bank_bg_forest1withui_tilemap   bg_forest1withui_tilemap
     00000005  ___bank_bg_forestfinalwithui_til   bg_forestfinalwithui_tilemap
     00000005  ___bank_bg_forestleftwithui_tile   bg_forestleftwithui_tilemap
     00000005  ___bank_bg_forestrightwithui_til   bg_forestrightwithui_tilemap
     00000005  ___bank_bg_houseinteriorwithui_t   bg_houseinteriorwithui_tilem
     00000005  ___bank_scene_10_collisions        scene_10_collisions
     00000005  ___bank_scene_11_collisions        scene_11_collisions
     00000005  ___bank_scene_12_collisions        scene_12_collisions
     00000005  ___bank_scene_13_collisions        scene_13_collisions
     00000005  ___bank_scene_14_collisions        scene_14_collisions
     00000005  ___bank_scene_15_collisions        scene_15_collisions
     00000005  ___bank_scene_18_init              scene_18_init
     00000005  ___bank_scene_5_collisions         scene_5_collisions
     00000005  ___bank_scene_6_collisions         scene_6_collisions
     00000005  ___bank_sprite_avatar_tileset      sprite_avatar_tileset
     00000005  b___HandleCrash_banked             
     00000005  b_camera_shake_frames              vm_camera
     00000005  b_data_clear                       load_save
     00000005  b_data_init                        load_save
     00000005  b_data_load                        load_save
     00000005  b_data_peek                        load_save
     00000005  b_data_save                        load_save
     00000005  b_erase_flash                      
     00000005  b_fade_applypalettechange          fade_manager
     00000005  b_fade_in                          fade_manager
     00000005  b_fade_in_modal                    fade_manager
     00000005  b_fade_init                        fade_manager
     00000005  b_fade_out                         fade_manager
     00000005  b_fade_out_modal                   fade_manager
     00000005  b_fade_setspeed                    fade_manager
     00000005  b_fade_update                      fade_manager
     00000005  b_gbprinter_detect                 gbprinter
     00000005  b_gbprinter_print_overlay          gbprinter
     00000005  b_pointnclick_init                 pointnclick
     00000005  b_pointnclick_update               pointnclick
     00000005  b_save_sram_banks                  
     00000005  b_set_sgb_border                   sgb_border
     00000005  b_trigger_activate_at              trigger
     00000005  b_trigger_activate_at_intersecti   trigger
     00000005  b_trigger_at_intersection          trigger
     00000005  b_trigger_at_tile                  trigger
     00000005  b_trigger_interact                 trigger
     00000005  b_trigger_reset                    trigger
     00000005  b_vm_camera_move_to                vm_camera
     00000005  b_vm_camera_set_pos                vm_camera
     00000005  b_vm_sio_exchange                  vm_sio
     00000005  b_vm_sio_set_mode                  vm_sio
     00000005  l__CRASH_HEADER0                
     00000005  l__HEADER1                      
ASxxxx Linker V03.00 + NoICE + sdld,  page 7.
Hexadecimal  [32-Bits]

Area                                    Addr        Size        Decimal Bytes (Attributes)
--------------------------------        ----        ----        ------- ----- ------------
.  .ABS.                            00000000    00000000 =           0. bytes (ABS,CON)

      Value  Global                              Global Defined In Module
      -----  --------------------------------   ------------------------
     00000006  ___bank_VM_GBPRINTER               vm_gbprinter
     00000006  ___bank_VM_LOAD_SAVE               vm_load_save
     00000006  ___bank_VM_MATH                    vm_math
     00000006  ___bank_VM_MUSIC                   vm_music
     00000006  ___bank_VM_PALETTE                 vm_palette
     00000006  ___bank_VM_PROJECTILE              vm_projectiles
     00000006  ___bank_VM_RTC                     vm_rtc
     00000006  ___bank_VM_SCENE                   vm_scene
     00000006  ___bank_actor_0_update             actor_0_update
     00000006  ___bank_actor_15_interact          actor_15_interact
     00000006  ___bank_actor_15_update            actor_15_update
     00000006  ___bank_actor_16_interact          actor_16_interact
     00000006  ___bank_actor_16_update            actor_16_update
     00000006  ___bank_actor_17_interact          actor_17_interact
     00000006  ___bank_actor_17_update            actor_17_update
     00000006  ___bank_actor_18_interact          actor_18_interact
     00000006  ___bank_actor_18_update            actor_18_update
     00000006  ___bank_actor_1_interact           actor_1_interact
     00000006  ___bank_actor_1_update             actor_1_update
     00000006  ___bank_actor_21_interact          actor_21_interact
     00000006  ___bank_actor_2_interact           actor_2_interact
     00000006  ___bank_actor_3_interact           actor_3_interact
     00000006  ___bank_actor_4_interact           actor_4_interact
     00000006  ___bank_actor_5_interact           actor_5_interact
     00000006  ___bank_actor_6_interact           actor_6_interact
     00000006  ___bank_actor_7_interact           actor_7_interact
     00000006  ___bank_bg_blackscreen_tilemap     bg_blackscreen_tilemap
     00000006  ___bank_bg_placeholder_tilemap     bg_placeholder_tilemap
     00000006  ___bank_bg_ui_elements_tilemap     bg_ui_elements_tilemap
     00000006  ___bank_bg_ui_elements_tileset     bg_ui_elements_tileset
     00000006  ___bank_frame_image                frame_image
     00000006  ___bank_scene_1                    scene_1
     00000006  ___bank_scene_10                   scene_10
     00000006  ___bank_scene_10_actors            scene_10_actors
     00000006  ___bank_scene_11                   scene_11
     00000006  ___bank_scene_11_actors            scene_11_actors
     00000006  ___bank_scene_11_init              scene_11_init
     00000006  ___bank_scene_12                   scene_12
     00000006  ___bank_scene_12_actors            scene_12_actors
     00000006  ___bank_scene_12_init              scene_12_init
     00000006  ___bank_scene_13_actors            scene_13_actors
     00000006  ___bank_scene_13_init              scene_13_init
     00000006  ___bank_scene_14_actors            scene_14_actors
     00000006  ___bank_scene_14_init              scene_14_init
     00000006  ___bank_scene_15_actors            scene_15_actors
     00000006  ___bank_scene_15_init              scene_15_init
     00000006  ___bank_scene_16_collisions        scene_16_collisions
     00000006  ___bank_scene_17_collisions        scene_17_collisions
     00000006  ___bank_scene_17_init              scene_17_init
     00000006  ___bank_scene_18_actors            scene_18_actors
     00000006  ___bank_scene_1_collisions         scene_1_collisions
ASxxxx Linker V03.00 + NoICE + sdld,  page 8.
Hexadecimal  [32-Bits]

Area                                    Addr        Size        Decimal Bytes (Attributes)
--------------------------------        ----        ----        ------- ----- ------------
.  .ABS.                            00000000    00000000 =           0. bytes (ABS,CON)

      Value  Global                              Global Defined In Module
      -----  --------------------------------   ------------------------
     00000006  ___bank_scene_2_collisions         scene_2_collisions
     00000006  ___bank_scene_2_init               scene_2_init
     00000006  ___bank_scene_3_collisions         scene_3_collisions
     00000006  ___bank_scene_4_init               scene_4_init
     00000006  ___bank_scene_4_sprites            scene_4_sprites
     00000006  ___bank_scene_5_actors             scene_5_actors
     00000006  ___bank_scene_6_actors             scene_6_actors
     00000006  ___bank_scene_7_collisions         scene_7_collisions
     00000006  ___bank_scene_8_actors             scene_8_actors
     00000006  ___bank_scene_8_collisions         scene_8_collisions
     00000006  ___bank_scene_9_actors             scene_9_actors
     00000006  ___bank_scene_9_collisions         scene_9_collisions
     00000006  ___bank_scene_9_init               scene_9_init
     00000006  ___bank_script_engine_init         
     00000006  ___bank_script_input_0             script_input_0
     00000006  ___bank_script_timer_0             script_timer_0
     00000006  ___bank_script_timer_1             script_timer_1
     00000006  ___bank_script_timer_10            script_timer_10
     00000006  ___bank_script_timer_11            script_timer_11
     00000006  ___bank_script_timer_2             script_timer_2
     00000006  ___bank_script_timer_3             script_timer_3
     00000006  ___bank_script_timer_4             script_timer_4
     00000006  ___bank_script_timer_5             script_timer_5
     00000006  ___bank_script_timer_6             script_timer_6
     00000006  ___bank_script_timer_7             script_timer_7
     00000006  ___bank_script_timer_8             script_timer_8
     00000006  ___bank_script_timer_9             script_timer_9
     00000006  ___bank_sprite_actor_animated      sprite_actor_animated
     00000006  ___bank_sprite_actor_animated_ti   sprite_actor_animated_tilese
     00000006  ___bank_sprite_avatar              sprite_avatar
     00000006  ___bank_sprite_enemy1              sprite_enemy1
     00000006  ___bank_sprite_enemy1_copy         sprite_enemy1_copy
     00000006  ___bank_sprite_enemy1_copy_tiles   sprite_enemy1_copy_tileset
     00000006  ___bank_sprite_enemy1_tileset      sprite_enemy1_tileset
     00000006  ___bank_sprite_enemy2              sprite_enemy2
     00000006  ___bank_sprite_enemy2_tileset      sprite_enemy2_tileset
     00000006  ___bank_sprite_key_tileset         sprite_key_tileset
     00000006  ___bank_sprite_locked_door_tiles   sprite_locked_door_tileset
     00000006  ___bank_sprite_playersprites       sprite_playersprites
     00000006  ___bank_sprite_playersprites_cop   sprite_playersprites_copy
     00000006  ___bank_sprite_playersprites_cop   sprite_playersprites_copy_ti
     00000006  ___bank_sprite_villageelder2_til   sprite_villageelder2_tileset
     00000006  ___bank_sprite_villager2_tileset   sprite_villager2_tileset
     00000006  ___bank_sprite_villager_tileset    sprite_villager_tileset
     00000006  ___bank_sprite_wizard              sprite_wizard
     00000006  ___bank_sprite_wizard_tileset      sprite_wizard_tileset
     00000006  ___bank_sprite_wizardattack        sprite_wizardattack
     00000006  ___bank_sprite_wizardattack_tile   sprite_wizardattack_tileset
     00000006  b_events_init                      events
     00000006  b_itoa_fmt                         vm_ui_a
     00000006  b_music_events_poll                music_manager
ASxxxx Linker V03.00 + NoICE + sdld,  page 9.
Hexadecimal  [32-Bits]

Area                                    Addr        Size        Decimal Bytes (Attributes)
--------------------------------        ----        ----        ------- ----- ------------
.  .ABS.                            00000000    00000000 =           0. bytes (ABS,CON)

      Value  Global                              Global Defined In Module
      -----  --------------------------------   ------------------------
     00000006  b_music_init_driver                music_manager
     00000006  b_music_init_events                music_manager
     00000006  b_restore_sram                     flasher
     00000006  b_restore_sram_bank                flasher
     00000006  b_save_sram                        flasher
     00000006  b_timers_init                      events
     00000006  b_vm_cos_scale                     vm_math
     00000006  b_vm_load_palette                  vm_palette
     00000006  b_vm_music_mute                    vm_music
     00000006  b_vm_music_play                    vm_music
     00000006  b_vm_music_routine                 vm_music
     00000006  b_vm_music_setpos                  vm_music
     00000006  b_vm_music_stop                    vm_music
     00000006  b_vm_print_detect                  vm_gbprinter
     00000006  b_vm_print_overlay                 vm_gbprinter
     00000006  b_vm_projectile_launch             vm_projectiles
     00000006  b_vm_projectile_load_type          vm_projectiles
     00000006  b_vm_rtc_get                       vm_rtc
     00000006  b_vm_rtc_latch                     vm_rtc
     00000006  b_vm_rtc_set                       vm_rtc
     00000006  b_vm_rtc_start                     vm_rtc
     00000006  b_vm_save_clear                    vm_load_save
     00000006  b_vm_save_peek                     vm_load_save
     00000006  b_vm_scene_pop                     vm_scene
     00000006  b_vm_scene_pop_all                 vm_scene
     00000006  b_vm_scene_push                    vm_scene
     00000006  b_vm_scene_stack_reset             vm_scene
     00000006  b_vm_sfx_play                      vm_music
     00000006  b_vm_sin_scale                     vm_math
     00000006  b_vm_sound_mastervol               vm_music
     00000006  l__HEADER7                      
     00000007  ___bank_actor_22_interact          actor_22_interact
     00000007  ___bank_bg_blackscreen             bg_blackscreen
     00000007  ___bank_bg_blackscreen_tileset     bg_blackscreen_tileset
     00000007  ___bank_bg_dungeon1withui          bg_dungeon1withui
     00000007  ___bank_bg_dungeonfinalwithui      bg_dungeonfinalwithui
     00000007  ___bank_bg_forest1withui           bg_forest1withui
     00000007  ___bank_bg_forestfinalwithui       bg_forestfinalwithui
     00000007  ___bank_bg_forestleftwithui        bg_forestleftwithui
     00000007  ___bank_bg_forestrightwithui       bg_forestrightwithui
     00000007  ___bank_bg_houseinteriorwithui     bg_houseinteriorwithui
     00000007  ___bank_bg_placeholder             bg_placeholder
     00000007  ___bank_bg_ui_elements             bg_ui_elements
     00000007  ___bank_bg_village                 bg_village
     00000007  ___bank_bg_villagewithui           bg_villagewithui
     00000007  ___bank_bootstrap_script           
     00000007  ___bank_cursor_image               cursor_image
     00000007  ___bank_scene_10_init              scene_10_init
     00000007  ___bank_scene_10_projectiles       scene_10_projectiles
     00000007  ___bank_scene_10_triggers          scene_10_triggers
     00000007  ___bank_scene_11_projectiles       scene_11_projectiles
ASxxxx Linker V03.00 + NoICE + sdld,  page 10.
Hexadecimal  [32-Bits]

Area                                    Addr        Size        Decimal Bytes (Attributes)
--------------------------------        ----        ----        ------- ----- ------------
.  .ABS.                            00000000    00000000 =           0. bytes (ABS,CON)

      Value  Global                              Global Defined In Module
      -----  --------------------------------   ------------------------
     00000007  ___bank_scene_11_sprites           scene_11_sprites
     00000007  ___bank_scene_11_triggers          scene_11_triggers
     00000007  ___bank_scene_12_projectiles       scene_12_projectiles
     00000007  ___bank_scene_12_sprites           scene_12_sprites
     00000007  ___bank_scene_12_triggers          scene_12_triggers
     00000007  ___bank_scene_13                   scene_13
     00000007  ___bank_scene_13_projectiles       scene_13_projectiles
     00000007  ___bank_scene_13_sprites           scene_13_sprites
     00000007  ___bank_scene_13_triggers          scene_13_triggers
     00000007  ___bank_scene_14                   scene_14
     00000007  ___bank_scene_14_projectiles       scene_14_projectiles
     00000007  ___bank_scene_14_sprites           scene_14_sprites
     00000007  ___bank_scene_14_triggers          scene_14_triggers
     00000007  ___bank_scene_15                   scene_15
     00000007  ___bank_scene_15_projectiles       scene_15_projectiles
     00000007  ___bank_scene_15_sprites           scene_15_sprites
     00000007  ___bank_scene_15_triggers          scene_15_triggers
     00000007  ___bank_scene_16                   scene_16
     00000007  ___bank_scene_17                   scene_17
     00000007  ___bank_scene_18                   scene_18
     00000007  ___bank_scene_18_sprites           scene_18_sprites
     00000007  ___bank_scene_1_init               scene_1_init
     00000007  ___bank_scene_2                    scene_2
     00000007  ___bank_scene_3                    scene_3
     00000007  ___bank_scene_3_init               scene_3_init
     00000007  ___bank_scene_4                    scene_4
     00000007  ___bank_scene_4_projectiles        scene_4_projectiles
     00000007  ___bank_scene_4_triggers           scene_4_triggers
     00000007  ___bank_scene_5                    scene_5
     00000007  ___bank_scene_5_init               scene_5_init
     00000007  ___bank_scene_5_projectiles        scene_5_projectiles
     00000007  ___bank_scene_5_sprites            scene_5_sprites
     00000007  ___bank_scene_5_triggers           scene_5_triggers
     00000007  ___bank_scene_6                    scene_6
     00000007  ___bank_scene_6_init               scene_6_init
     00000007  ___bank_scene_6_projectiles        scene_6_projectiles
     00000007  ___bank_scene_6_sprites            scene_6_sprites
     00000007  ___bank_scene_6_triggers           scene_6_triggers
     00000007  ___bank_scene_7                    scene_7
     00000007  ___bank_scene_7_init               scene_7_init
     00000007  ___bank_scene_7_projectiles        scene_7_projectiles
     00000007  ___bank_scene_7_sprites            scene_7_sprites
     00000007  ___bank_scene_7_triggers           scene_7_triggers
     00000007  ___bank_scene_8                    scene_8
     00000007  ___bank_scene_8_init               scene_8_init
     00000007  ___bank_scene_8_projectiles        scene_8_projectiles
     00000007  ___bank_scene_8_sprites            scene_8_sprites
     00000007  ___bank_scene_8_triggers           scene_8_triggers
     00000007  ___bank_scene_9                    scene_9
     00000007  ___bank_scene_9_p_hit1             scene_9_p_hit1
     00000007  ___bank_scene_9_projectiles        scene_9_projectiles
ASxxxx Linker V03.00 + NoICE + sdld,  page 11.
Hexadecimal  [32-Bits]

Area                                    Addr        Size        Decimal Bytes (Attributes)
--------------------------------        ----        ----        ------- ----- ------------
.  .ABS.                            00000000    00000000 =           0. bytes (ABS,CON)

      Value  Global                              Global Defined In Module
      -----  --------------------------------   ------------------------
     00000007  ___bank_scene_9_sprites            scene_9_sprites
     00000007  ___bank_scene_9_triggers           scene_9_triggers
     00000007  ___bank_script_5                   script_5
     00000007  ___bank_sprite_child               sprite_child
     00000007  ___bank_sprite_child_tileset       sprite_child_tileset
     00000007  ___bank_sprite_key                 sprite_key
     00000007  ___bank_sprite_locked_door         sprite_locked_door
     00000007  ___bank_sprite_villageelder2       sprite_villageelder2
     00000007  ___bank_sprite_villager            sprite_villager
     00000007  ___bank_sprite_villager2           sprite_villager2
     00000007  ___bank_spritesheet_none           spritesheet_none
     00000007  ___bank_trigger_0_interact         trigger_0_interact
     00000007  ___bank_trigger_10_interact        trigger_10_interact
     00000007  ___bank_trigger_11_interact        trigger_11_interact
     00000007  ___bank_trigger_12_interact        trigger_12_interact
     00000007  ___bank_trigger_13_interact        trigger_13_interact
     00000007  ___bank_trigger_14_interact        trigger_14_interact
     00000007  ___bank_trigger_15_interact        trigger_15_interact
     00000007  ___bank_trigger_16_interact        trigger_16_interact
     00000007  ___bank_trigger_17_interact        trigger_17_interact
     00000007  ___bank_trigger_18_interact        trigger_18_interact
     00000007  ___bank_trigger_19_interact        trigger_19_interact
     00000007  ___bank_trigger_1_interact         trigger_1_interact
     00000007  ___bank_trigger_20_interact        trigger_20_interact
     00000007  ___bank_trigger_21_interact        trigger_21_interact
     00000007  ___bank_trigger_2_interact         trigger_2_interact
     00000007  ___bank_trigger_3_interact         trigger_3_interact
     00000007  ___bank_trigger_4_interact         trigger_4_interact
     00000007  ___bank_trigger_5_interact         trigger_5_interact
     00000007  ___bank_trigger_6_interact         trigger_6_interact
     00000007  ___bank_trigger_7_interact         trigger_7_interact
     00000007  ___bank_trigger_8_interact         trigger_8_interact
     00000007  ___bank_trigger_9_interact         trigger_9_interact
     00000007  b_SIO_init                         sio
     00000007  b_input_init                       input
     00000007  b_logo_init                        logo
     00000007  b_logo_update                      logo
     00000007  b_palette_init                     palette
     00000007  b_parallax_init                    parallax
     00000007  b_remove_LCD_ISRs                  interrupts
     00000007  l__HEADER2                      
     00000008  l__HEADER3                      
     00000011  l__EHL_TRAMPOLINE0              
     00000019  l__INITIALIZED                  
     00000019  l__INITIALIZER                  
     00000027  l__GSINIT                       
     00000030  l__HEADER6                      
     0000004E  l__HEADER4                      
     00000082  l__HEADER10                     
     000001CB  l__CRASH_SCRATCH2               
     00000200  s__CODE                         
ASxxxx Linker V03.00 + NoICE + sdld,  page 12.
Hexadecimal  [32-Bits]

Area                                    Addr        Size        Decimal Bytes (Attributes)
--------------------------------        ----        ----        ------- ----- ------------
.  .ABS.                            00000000    00000000 =           0. bytes (ABS,CON)

      Value  Global                              Global Defined In Module
      -----  --------------------------------   ------------------------
     00000BE1  l__CODE                         
     00000D4B  l__CODE_7                       
     00000DE1  s__HOME                         
     0000197E  l__DATA                         
     00002000  _rROMB0                            
     00002B97  l__HOME                         
     00003000  _rROMB1                            
     00003978  s__BASE                         
     00003978  s__CODE_0                       
     00003978  s__INITIALIZER                  
     00003978  s__LIT                          
     00003991  s__GSINIT                       
     000039B8  s__GSFINAL                      
     00003FFE  l__CODE_2                       
     00004000  _RTC_SELECT_REG                    vm_rtc
     00004000  _rRAMB                             
     00004000  l__CODE_1                       
     00004000  l__CODE_3                       
     00004000  l__CODE_4                       
     00004000  l__CODE_5                       
     00004000  l__CODE_6                       
     00006000  _RTC_LATCH_REG                     vm_rtc
     00008000  __VRAM                             
     00008000  __VRAM8000                         
     00008800  __VRAM8800                         
     00009000  __VRAM9000                         
     00009800  __SCRN0                            
     00009C00  __SCRN1                            
     0000A000  _RTC_VALUE_REG                     vm_rtc
     0000A000  __SRAM                             
     0000C000  __RAM                              
     0000C000  _shadow_OAM                     
     0000C0A0  s__DATA                         
     0000D000  __RAMBANK                          
     0000DA1E  s__BSS                          
     0000DA1E  s__INITIALIZED                  
     0000DA37  s__HEAP                         
     0000DF00  .STACK                          
     0000DF00  _shadow_OAM2                       absolute
     0000DFA0  _BkgPalette                        absolute
     0000DFE0  _vwf_tile_data                     absolute
     0000FE00  __OAMRAM                           
     0000FF00  _P1_REG                            
     0000FF00  __IO                               
     0000FF01  _SB_REG                            
     0000FF02  _SC_REG                            
     0000FF04  _DIV_REG                           
     0000FF05  _TIMA_REG                          
     0000FF06  _TMA_REG                           
     0000FF07  _TAC_REG                           
     0000FF0F  _IF_REG                            
ASxxxx Linker V03.00 + NoICE + sdld,  page 13.
Hexadecimal  [32-Bits]

Area                                    Addr        Size        Decimal Bytes (Attributes)
--------------------------------        ----        ----        ------- ----- ------------
.  .ABS.                            00000000    00000000 =           0. bytes (ABS,CON)

      Value  Global                              Global Defined In Module
      -----  --------------------------------   ------------------------
     0000FF10  _NR10_REG                          
     0000FF11  _NR11_REG                          
     0000FF12  _NR12_REG                          
     0000FF13  _NR13_REG                          
     0000FF14  _NR14_REG                          
     0000FF16  _NR21_REG                          
     0000FF17  _NR22_REG                          
     0000FF18  _NR23_REG                          
     0000FF19  _NR24_REG                          
     0000FF1A  _NR30_REG                          
     0000FF1B  _NR31_REG                          
     0000FF1C  _NR32_REG                          
     0000FF1D  _NR33_REG                          
     0000FF1E  _NR34_REG                          
     0000FF20  _NR41_REG                          
     0000FF21  _NR42_REG                          
     0000FF22  _NR43_REG                          
     0000FF23  _NR44_REG                          
     0000FF24  _NR50_REG                          
     0000FF25  _NR51_REG                          
     0000FF26  _NR52_REG                          
     0000FF30  _AUD3WAVE                          
     0000FF30  _PCM_SAMPLE                        
     0000FF30  __AUD3WAVERAM                      
     0000FF40  _LCDC_REG                          
     0000FF41  _STAT_REG                          
     0000FF42  _SCY_REG                           
     0000FF43  _SCX_REG                           
     0000FF44  _LY_REG                            
     0000FF45  _LYC_REG                           
     0000FF46  _DMA_REG                           
     0000FF47  _BGP_REG                           
     0000FF48  _OBP0_REG                          
     0000FF49  _OBP1_REG                          
     0000FF4A  _WY_REG                            
     0000FF4B  _WX_REG                            
     0000FF4D  _KEY1_REG                          
     0000FF4F  _VBK_REG                           
     0000FF51  _HDMA1_REG                         
     0000FF52  _HDMA2_REG                         
     0000FF53  _HDMA3_REG                         
     0000FF54  _HDMA4_REG                         
     0000FF55  _HDMA5_REG                         
     0000FF56  _RP_REG                            
     0000FF68  _BCPS_REG                          
     0000FF69  _BCPD_REG                          
     0000FF6A  _OCPS_REG                          
     0000FF6B  _OCPD_REG                          
     0000FF70  _SVBK_REG                          
     0000FF76  _PCM12_REG                         
     0000FF77  _PCM34_REG                         
ASxxxx Linker V03.00 + NoICE + sdld,  page 14.
Hexadecimal  [32-Bits]

Area                                    Addr        Size        Decimal Bytes (Attributes)
--------------------------------        ----        ----        ------- ----- ------------
.  .ABS.                            00000000    00000000 =           0. bytes (ABS,CON)

      Value  Global                              Global Defined In Module
      -----  --------------------------------   ------------------------
     0000FF80  .refresh_OAM                    
     0000FF80  __HRAM                             
     0000FFFF  _IE_REG                            
     00014000  s__CODE_1                       
     00024000  s__CODE_2                       
     00034000  s__CODE_3                       
     00044000  s__CODE_4                       
     00054000  s__CODE_5                       
     00064000  s__CODE_6                       
     00074000  s__CODE_7                       
ASxxxx Linker V03.00 + NoICE + sdld,  page 15.
Hexadecimal  [32-Bits]

Area                                    Addr        Size        Decimal Bytes (Attributes)
--------------------------------        ----        ----        ------- ----- ------------
_CODE                               00000200    00000BE1 =        3041. bytes (REL,CON)

      Value  Global                              Global Defined In Module
      -----  --------------------------------   ------------------------
     00000200  ___HandleCrash                     
     0000020A  _SIO_send_byte                     
     0000021D  _SIO_receive                       
     0000022E  _SetTile                           
     0000023D  _set_win_tile_xy                   
     00000242  _set_bkg_tile_xy                   
     00000265  _GetWinAddr                        
     0000026D  _GetBkgAddr                        
     0000027B  _state_init                        
     00000280  _state_update                      
     000002A2  _ui_time_masks                     
     000002AA  _ui_print_shift_char               
     0000032D  _ui_draw_frame_row                 
     00000336  .ui_draw_frame_row                 
     0000035F  _script_cmds                       vm_instructions
     00000593  _save_signature                    game_signature
     00000597  _start_scene_x                     
     00000599  _start_scene_y                     
     0000059B  _start_scene_dir                   
     0000059C  _start_scene                       
     0000059F  _start_player_move_speed           
     000005A0  _start_player_anim_tick            
     000005A1  _ui_fonts                          
     000005A4  _core_reset_hook                   main
     000005AC  _main                              main
     000005B4  _state_start_fns                   
     000005C6  _state_update_fns                  
     000005D8  _hUGE_init_banked                  hUGEDriver_obj
     000005DC  _hUGE_init                         hUGEDriver_obj
     000005E7  _hUGE_mute_channel_banked          hUGEDriver_obj
     000005EB  _hUGE_mute_channel                 hUGEDriver_obj
     000005F8  _hUGE_set_position_banked          hUGEDriver_obj
     000005FC  _hUGE_set_position                 hUGEDriver_obj
     00000605  hUGE_init                          hUGEDriver_obj
     0000065B  hUGE_mute_channel                  hUGEDriver_obj
     00000851  hUGE_set_position                  hUGEDriver_obj
     000009B9  _hUGE_dosound                      hUGEDriver_obj
     000009B9  _hUGE_dosound_banked               hUGEDriver_obj
     000009B9  hUGE_dosound                       hUGEDriver_obj
     00000CA8  _get_vram_byte                     
     00000CB5  _get_win_tile_xy                   
     00000CBD  _get_bkg_tile_xy                   
     00000CE4  _hide_sprites_range                Metasprites
     00000D14  .sgb_check                         
     00000D14  _sgb_check                         
     00000D5C  _sgb_transfer                      
     00000D61  .sgb_transfer                      
     00000DA2  ___move_metasprite                 Metasprites
ASxxxx Linker V03.00 + NoICE + sdld,  page 16.
Hexadecimal  [32-Bits]

Area                                    Addr        Size        Decimal Bytes (Attributes)
--------------------------------        ----        ----        ------- ----- ------------
_HEADER0                            00000000    00000001 =           1. bytes (ABS,CON)

      Value  Global                              Global Defined In Module
      -----  --------------------------------   ------------------------
     00000020  .call_hl                           Runtime

ASxxxx Linker V03.00 + NoICE + sdld,  page 17.
Hexadecimal  [32-Bits]

Area                                    Addr        Size        Decimal Bytes (Attributes)
--------------------------------        ----        ----        ------- ----- ------------
_HEADER1                            00000000    00000005 =           5. bytes (ABS,CON)

      Value  Global                              Global Defined In Module
      -----  --------------------------------   ------------------------
     00000028  .MemsetSmall                       Runtime

ASxxxx Linker V03.00 + NoICE + sdld,  page 18.
Hexadecimal  [32-Bits]

Area                                    Addr        Size        Decimal Bytes (Attributes)
--------------------------------        ----        ----        ------- ----- ------------
_HEADER2                            00000000    00000007 =           7. bytes (ABS,CON)

      Value  Global                              Global Defined In Module
      -----  --------------------------------   ------------------------
     00000030  .MemcpySmall                       Runtime

ASxxxx Linker V03.00 + NoICE + sdld,  page 19.
Hexadecimal  [32-Bits]

Area                                    Addr        Size        Decimal Bytes (Attributes)
--------------------------------        ----        ----        ------- ----- ------------
_HEADER3                            00000000    00000008 =           8. bytes (ABS,CON)

      Value  Global                              Global Defined In Module
      -----  --------------------------------   ------------------------
ASxxxx Linker V03.00 + NoICE + sdld,  page 20.
Hexadecimal  [32-Bits]

Area                                    Addr        Size        Decimal Bytes (Attributes)
--------------------------------        ----        ----        ------- ----- ------------
_HEADER4                            00000000    0000004E =          78. bytes (ABS,CON)

      Value  Global                              Global Defined In Module
      -----  --------------------------------   ------------------------
     00000080  .int                               Runtime
     0000008F  _wait_int_handler                  Runtime
     0000009C  __standard_VBL_handler             Runtime
     000000AC  _refresh_OAM                       Runtime

ASxxxx Linker V03.00 + NoICE + sdld,  page 21.
Hexadecimal  [32-Bits]

Area                                    Addr        Size        Decimal Bytes (Attributes)
--------------------------------        ----        ----        ------- ----- ------------
_HEADER5                            00000000    00000002 =           2. bytes (ABS,CON)

      Value  Global                              Global Defined In Module
      -----  --------------------------------   ------------------------
ASxxxx Linker V03.00 + NoICE + sdld,  page 22.
Hexadecimal  [32-Bits]

Area                                    Addr        Size        Decimal Bytes (Attributes)
--------------------------------        ----        ----        ------- ----- ------------
_HEADER6                            00000000    00000030 =          48. bytes (ABS,CON)

      Value  Global                              Global Defined In Module
      -----  --------------------------------   ------------------------
ASxxxx Linker V03.00 + NoICE + sdld,  page 23.
Hexadecimal  [32-Bits]

Area                                    Addr        Size        Decimal Bytes (Attributes)
--------------------------------        ----        ----        ------- ----- ------------
_HEADER7                            00000000    00000006 =           6. bytes (ABS,CON)

      Value  Global                              Global Defined In Module
      -----  --------------------------------   ------------------------
ASxxxx Linker V03.00 + NoICE + sdld,  page 24.
Hexadecimal  [32-Bits]

Area                                    Addr        Size        Decimal Bytes (Attributes)
--------------------------------        ----        ----        ------- ----- ------------
_HEADER8                            00000000    00000003 =           3. bytes (ABS,CON)

      Value  Global                              Global Defined In Module
      -----  --------------------------------   ------------------------
ASxxxx Linker V03.00 + NoICE + sdld,  page 25.
Hexadecimal  [32-Bits]

Area                                    Addr        Size        Decimal Bytes (Attributes)
--------------------------------        ----        ----        ------- ----- ------------
_HEADER9                            00000000    00000001 =           1. bytes (ABS,CON)

      Value  Global                              Global Defined In Module
      -----  --------------------------------   ------------------------
ASxxxx Linker V03.00 + NoICE + sdld,  page 26.
Hexadecimal  [32-Bits]

Area                                    Addr        Size        Decimal Bytes (Attributes)
--------------------------------        ----        ----        ------- ----- ------------
_HEADERa                            00000000    00000001 =           1. bytes (ABS,CON)

      Value  Global                              Global Defined In Module
      -----  --------------------------------   ------------------------
ASxxxx Linker V03.00 + NoICE + sdld,  page 27.
Hexadecimal  [32-Bits]

Area                                    Addr        Size        Decimal Bytes (Attributes)
--------------------------------        ----        ----        ------- ----- ------------
_HEADERb                            00000000    00000001 =           1. bytes (ABS,CON)

      Value  Global                              Global Defined In Module
      -----  --------------------------------   ------------------------
ASxxxx Linker V03.00 + NoICE + sdld,  page 28.
Hexadecimal  [32-Bits]

Area                                    Addr        Size        Decimal Bytes (Attributes)
--------------------------------        ----        ----        ------- ----- ------------
_HEADERc                            00000000    00000002 =           2. bytes (ABS,CON)

      Value  Global                              Global Defined In Module
      -----  --------------------------------   ------------------------
ASxxxx Linker V03.00 + NoICE + sdld,  page 29.
Hexadecimal  [32-Bits]

Area                                    Addr        Size        Decimal Bytes (Attributes)
--------------------------------        ----        ----        ------- ----- ------------
_HEADERd                            00000000    00000001 =           1. bytes (ABS,CON)

      Value  Global                              Global Defined In Module
      -----  --------------------------------   ------------------------
ASxxxx Linker V03.00 + NoICE + sdld,  page 30.
Hexadecimal  [32-Bits]

Area                                    Addr        Size        Decimal Bytes (Attributes)
--------------------------------        ----        ----        ------- ----- ------------
_HEADERe                            00000000    00000001 =           1. bytes (ABS,CON)

      Value  Global                              Global Defined In Module
      -----  --------------------------------   ------------------------
ASxxxx Linker V03.00 + NoICE + sdld,  page 31.
Hexadecimal  [32-Bits]

Area                                    Addr        Size        Decimal Bytes (Attributes)
--------------------------------        ----        ----        ------- ----- ------------
_HEADERf                            00000000    00000002 =           2. bytes (ABS,CON)

      Value  Global                              Global Defined In Module
      -----  --------------------------------   ------------------------
ASxxxx Linker V03.00 + NoICE + sdld,  page 32.
Hexadecimal  [32-Bits]

Area                                    Addr        Size        Decimal Bytes (Attributes)
--------------------------------        ----        ----        ------- ----- ------------
_HEADER10                           00000000    00000082 =         130. bytes (ABS,CON)

      Value  Global                              Global Defined In Module
      -----  --------------------------------   ------------------------
     00000150  .reset                             Runtime
     00000150  _reset                             Runtime
     00000157  .code_start                        Runtime
     000001B7  _exit                              Runtime
     000001BB  _set_interrupts                    Runtime

ASxxxx Linker V03.00 + NoICE + sdld,  page 33.
Hexadecimal  [32-Bits]

Area                                    Addr        Size        Decimal Bytes (Attributes)
--------------------------------        ----        ----        ------- ----- ------------
_HEADER11                           00000000    00000001 =           1. bytes (ABS,CON)

      Value  Global                              Global Defined In Module
      -----  --------------------------------   ------------------------
ASxxxx Linker V03.00 + NoICE + sdld,  page 34.
Hexadecimal  [32-Bits]

Area                                    Addr        Size        Decimal Bytes (Attributes)
--------------------------------        ----        ----        ------- ----- ------------
_HOME                               00000DE1    00002B97 =       11159. bytes (REL,CON)

      Value  Global                              Global Defined In Module
      -----  --------------------------------   ------------------------
     00000DE1  .memset_simple                     Runtime
     00000DEA  .memcpy_simple                     Runtime
     00000E07  .remove_VBL                        Runtime
     00000E0A  .remove_int                        Runtime
     00000E27  .add_VBL                           Runtime
     00000E2A  .add_int                           Runtime
     00000E35  .wait_vbl_done                     Runtime
     00000E35  _wait_vbl_done                     Runtime
     00000E45  .display_off                       Runtime
     00000E45  _display_off                       Runtime
     00000E5D  _remove_VBL                        Runtime
     00000E68  _add_VBL                           Runtime
     00000E73  _actors_update                     actor
     00001270  _SetBankedBkgData                  bankdata
     0000128C  _SetBankedSpriteData               bankdata
     000012A8  _SetBankedBkgTiles                 bankdata
     000012C4  _SetBankedWinTiles                 bankdata
     000012E0  _ReadBankedFarPtr                  bankdata
     00001307  _ReadBankedUWORD                   bankdata
     00001323  _MemcpyBanked                      bankdata
     0000133F  _MemcpyVRAMBanked                  bankdata
     0000135B  _IndexOfFarPtr                     bankdata
     000013F1  _camera_update                     camera
     00001524  _load_animations                   data_manager
     00001583  _events_update                     events
     00001655  _timers_update                     events
     000016DD  _input_update                      input
     0000170D  .sio_ISR                           
     00001767  .timer_ISR                         
     0000177C  _simple_LCD_isr                    interrupts
     000017F8  _fullscreen_LCD_isr                interrupts
     00001824  _VBL_isr                           interrupts
     0000186E  _isqrt                             math
     000018C4  _sine_wave                         math
     000019C4  _dir_lookup                        math
     000019CC  _dir_angle_lookup                  math
     000019D0  _hUGETrackerRoutine                music_manager
     000019FC  _music_events_update               music_manager
     00001A7E  _music_play_isr                    music_manager
     00001B24  _parallax_LCD_isr                  parallax
     00001B61  _projectiles_update                projectiles
     00002000  _projectiles_render                projectiles
     00002173  _scroll_load_pending_row           scroll
     000021C6  _scroll_load_row                   scroll
     0000220B  _scroll_load_col                   scroll
     0000223F  _scroll_load_pending_col           scroll
     00002297  _set_bkg_submap                    
     000022DA  _set_xy_win_submap                 
     00002307  .set_xy_win_submap                 
     00002310  .set_xy_bkg_submap                 
ASxxxx Linker V03.00 + NoICE + sdld,  page 35.
Hexadecimal  [32-Bits]

Area                                    Addr        Size        Decimal Bytes (Attributes)
--------------------------------        ----        ----        ------- ----- ------------
_HOME                               00000DE1    00002B97 =       11159. bytes (REL,CON)

      Value  Global                              Global Defined In Module
      -----  --------------------------------   ------------------------
     0000231F  .set_xy_submap                     
     00002365  _sfx_play_isr                      sfx_player
     00002438  _on_SIO_receive                    sio
     00002479  _SIO_update                        sio
     000024E0  _ui_update                         ui
     0000260F  _vm_sgb_transfer                   vm_sgb
     0000265D  _vm_load_text                      vm_ui
     000028B2  _vm_switch                         vm
     000029B5  _vm_beginthread                    vm
     00002ADA  _vm_rpn                            vm
     0000321C  _vm_get_far                        vm
     00003286  _vm_call_native                    vm
     00003299  _VM_STEP                           vm
     00003307  _script_runner_update              vm
     00003472  _fill_win_rect                     
     00003484  _rand                              
     00003484  _randw                             
     000034AF  _initrand                          
     000034B1  .initrand                          
     000034BA  _get_bkg_data                      
     000034BA  _get_win_data                      
     00003507  _get_sprite_data                   
     00003537  __mulsuchar                        mul
     00003541  __muluschar                        mul
     0000354B  __mulschar                         mul
     0000355D  __muluchar                         mul
     00003569  __mulint                           mul
     0000358F  _abs                               abs
     0000359E  _set_win_tiles                     
     000035B2  _set_tile_data                     
     000035B7  _set_bkg_data                      
     000035B7  _set_win_data                      
     000035BF  _set_sprite_data                   
     000035EF  _reverse                           reverse
     00003623  ___call__banked                    far_ptr
     00003640  _to_far_ptr                        far_ptr
     00003679  _add_LCD                           
     00003684  .add_LCD                           
     0000368A  _remove_LCD                        
     00003695  .remove_LCD                        
     0000369B  .fill_rect_wtt                     
     000036A4  .fill_rect_btt                     
     000036F1  .copy_vram                         
     00003705  _get_data                          
     00003705  _set_data                          
     00003705  _vmemcpy                           
     00003718  _fill_bkg_rect                     
     0000372A  .padup                             
     0000372A  _waitpadup                         
     0000373A  .jpad                              
     0000373A  _joypad                            
ASxxxx Linker V03.00 + NoICE + sdld,  page 36.
Hexadecimal  [32-Bits]

Area                                    Addr        Size        Decimal Bytes (Attributes)
--------------------------------        ----        ----        ------- ----- ------------
_HOME                               00000DE1    00002B97 =       11159. bytes (REL,CON)

      Value  Global                              Global Defined In Module
      -----  --------------------------------   ------------------------
     00003762  _waitpad                           
     00003765  .wait_pad                          
     0000376C  ___sdcc_call_hl                    call_hl
     0000376D  ___memcpy                          memcpy
     0000376D  _memcpy                            memcpy
     000037B0  _memset                            memset
     000037E3  .set_xy_wtt                        SetTileMap
     000037EC  .set_xy_btt                        SetTileMap
     000037FB  .set_xy_tt                         SetTileMap
     0000383D  __divsuchar                        div
     0000384A  __modsuchar                        div
     00003854  __divuschar                        div
     00003866  __moduschar                        div
     00003876  __divschar                         div
     00003882  __modschar                         div
     0000388C  __divsint                          div
     0000389D  __modsint                          div
     000038AC  __divuchar                         div
     000038B8  __moduchar                         div
     000038C2  __divuint                          div
     000038D3  __moduint                          div
     000038E2  .div8                              div
     000038E2  .mod8                              div
     000038EA  .div16                             div
     000038EA  .mod16                             div
     00003920  .divu8                             div
     00003920  .modu8                             div
     00003923  .divu16                            div
     00003923  .modu16                            div
     00003964  _set_bkg_tiles                     

ASxxxx Linker V03.00 + NoICE + sdld,  page 37.
Hexadecimal  [32-Bits]

Area                                    Addr        Size        Decimal Bytes (Attributes)
--------------------------------        ----        ----        ------- ----- ------------
_INITIALIZER                        00003978    00000019 =          25. bytes (REL,CON)

      Value  Global                              Global Defined In Module
      -----  --------------------------------   ------------------------
ASxxxx Linker V03.00 + NoICE + sdld,  page 38.
Hexadecimal  [32-Bits]

Area                                    Addr        Size        Decimal Bytes (Attributes)
--------------------------------        ----        ----        ------- ----- ------------
_GSINIT                             00003991    00000027 =          39. bytes (REL,CON)

      Value  Global                              Global Defined In Module
      -----  --------------------------------   ------------------------
     00003991  gsinit                             Runtime

ASxxxx Linker V03.00 + NoICE + sdld,  page 39.
Hexadecimal  [32-Bits]

Area                                    Addr        Size        Decimal Bytes (Attributes)
--------------------------------        ----        ----        ------- ----- ------------
_GSFINAL                            000039B8    00000001 =           1. bytes (REL,CON)

      Value  Global                              Global Defined In Module
      -----  --------------------------------   ------------------------
ASxxxx Linker V03.00 + NoICE + sdld,  page 40.
Hexadecimal  [32-Bits]

Area                                    Addr        Size        Decimal Bytes (Attributes)
--------------------------------        ----        ----        ------- ----- ------------
_DATA                               0000C0A0    0000197E =        6526. bytes (REL,CON)

      Value  Global                              Global Defined In Module
      -----  --------------------------------   ------------------------
     0000C0A0  __cpu                              Runtime
     0000C0A1  __is_GBA                           Runtime
     0000C0A2  .mode                              Runtime
     0000C0A3  .sys_time                          Runtime
     0000C0A3  _sys_time                          Runtime
     0000C0A5  .int_0x40                          Runtime
     0000C0B9  _actors                            actor
     0000C4FD  _actors_active_head                actor
     0000C4FF  _actors_active_tail                actor
     0000C501  _actors_inactive_head              actor
     0000C503  _screen_x                          actor
     0000C504  _screen_y                          actor
     0000C505  _invalid                           actor
     0000C507  _player_moving                     actor
     0000C508  _player_iframes                    actor
     0000C509  _player_collision_actor            actor
     0000C50B  _emote_actor                       actor
     0000C50D  _emote_timer                       actor
     0000C50E  _allocated_hardware_sprites        actor
     0000C51A  _camera_x                          camera
     0000C51C  _camera_y                          camera
     0000C51E  _camera_offset_x                   camera
     0000C51F  _camera_offset_y                   camera
     0000C520  _camera_deadzone_x                 camera
     0000C521  _camera_deadzone_y                 camera
     0000C522  _camera_settings                   camera
     0000C526  _current_scene                     data_manager
     0000C529  _image_bank                        data_manager
     0000C52A  _image_ptr                         data_manager
     0000C52C  _image_attr_bank                   data_manager
     0000C52D  _image_attr_ptr                    data_manager
     0000C52F  _collision_bank                    data_manager
     0000C530  _collision_ptr                     data_manager
     0000C532  _image_tile_width                  data_manager
     0000C533  _image_tile_height                 data_manager
     0000C534  _image_width                       data_manager
     0000C536  _image_height                      data_manager
     0000C538  _sprites_len                       data_manager
     0000C539  _actors_len                        data_manager
     0000C53A  _projectiles_len                   data_manager
     0000C53B  _player_sprite_len                 data_manager
     0000C53C  _scene_type                        data_manager
     0000C53D  _scene_LCD_type                    data_manager
     0000C53E  _scene_stack                       data_manager
     0000C57E  _scene_stack_ptr                   data_manager
     0000C580  _scene_sprites_base_tiles          data_manager
     0000C5C0  _input_events                      events
     0000C5E8  _input_slots                       events
     0000C5F0  _timer_events                      events
     0000C604  _timer_values                      events
ASxxxx Linker V03.00 + NoICE + sdld,  page 41.
Hexadecimal  [32-Bits]

Area                                    Addr        Size        Decimal Bytes (Attributes)
--------------------------------        ----        ----        ------- ----- ------------
_DATA                               0000C0A0    0000197E =        6526. bytes (REL,CON)

      Value  Global                              Global Defined In Module
      -----  --------------------------------   ------------------------
     0000C60C  _fade_running                      fade_manager
     0000C60D  _fade_frames_per_step              fade_manager
     0000C60E  _fade_timer                        fade_manager
     0000C616  _joypads                           input
     0000C61B  _frame_joy                         input
     0000C61C  _last_joy                          input
     0000C61D  _recent_joy                        input
     0000C61E  _SIO_status                        
     0000C61F  _link_byte_sent                    
     0000C620  _link_next_mode                    
     0000C621  _save_blob_size                    load_save
     0000C623  _routine_queue                     music_manager
     0000C627  _routine_queue_head                music_manager
     0000C628  _routine_queue_tail                music_manager
     0000C629  _music_events                      music_manager
     0000C63D  _music_current_track_bank          music_manager
     0000C63E  _music_mute_flag                   music_manager
     0000C63F  _music_mute_mask                   music_manager
     0000C640  _music_next_track                  music_manager
     0000C642  _music_current_track               music_manager
     0000C644  _music_play_isr_counter            music_manager
     0000C645  _music_play_isr_pause              music_manager
     0000C646  _music_global_mute_mask            music_manager
     0000C647  _music_sfx_priority                music_manager
     0000C648  _DMG_palette                       palette
     0000C64B  _SprPalette                        palette
     0000C68B  _parallax_rows                     parallax
     0000C69D  _parallax_row                      parallax
     0000C69F  _projectiles                       projectiles
     0000C758  _projectile_defs                   projectiles
     0000C7CB  _projectiles_active_head           projectiles
     0000C7CD  _projectiles_inactive_head         projectiles
     0000C7D4  _scroll_x                          scroll
     0000C7D6  _scroll_y                          scroll
     0000C7D8  _draw_scroll_x                     scroll
     0000C7DA  _draw_scroll_y                     scroll
     0000C7DC  _scroll_x_max                      scroll
     0000C7DE  _scroll_y_max                      scroll
     0000C7E0  _scroll_offset_x                   scroll
     0000C7E1  _scroll_offset_y                   scroll
     0000C7E2  _pending_h_x                       scroll
     0000C7E3  _pending_h_y                       scroll
     0000C7E4  _pending_h_i                       scroll
     0000C7E5  _pending_w_x                       scroll
     0000C7E6  _pending_w_y                       scroll
     0000C7E7  _pending_w_i                       scroll
     0000C7E8  _current_row                       scroll
     0000C7EA  _new_row                           scroll
     0000C7EC  _current_col                       scroll
     0000C7EE  _new_col                           scroll
     0000C7F0  .image_tile_width                  
ASxxxx Linker V03.00 + NoICE + sdld,  page 42.
Hexadecimal  [32-Bits]

Area                                    Addr        Size        Decimal Bytes (Attributes)
--------------------------------        ----        ----        ------- ----- ------------
_DATA                               0000C0A0    0000197E =        6526. bytes (REL,CON)

      Value  Global                              Global Defined In Module
      -----  --------------------------------   ------------------------
     0000C7F1  _sfx_play_bank                     sfx_player
     0000C7F2  _sfx_play_sample                   sfx_player
     0000C7F4  _sfx_frame_skip                    sfx_player
     0000C7F5  _link_operation_mode               sio
     0000C7F6  _link_packet                       sio
     0000C816  _link_packet_len                   sio
     0000C817  _link_packet_ptr                   sio
     0000C819  _link_packet_received              sio
     0000C81A  _link_packet_snd_len               sio
     0000C81B  _link_packet_snd_ptr               sio
     0000C81D  _link_packet_sent                  sio
     0000C81E  __is_CGB                           system
     0000C81F  __is_SGB                           system
     0000C820  __current_ram_bank                 system
     0000C821  _triggers                          trigger
     0000C919  _last_trigger_tx                   trigger
     0000C91A  _last_trigger_ty                   trigger
     0000C91B  _last_trigger                      trigger
     0000C91C  _win_pos_x                         ui
     0000C91D  _win_dest_pos_x                    ui
     0000C91E  _win_pos_y                         ui
     0000C91F  _win_dest_pos_y                    ui
     0000C920  _win_speed                         ui
     0000C921  _text_drawn                        ui
     0000C922  _current_text_speed                ui
     0000C923  _text_wait                         ui
     0000C924  _text_options                      ui
     0000C925  _text_in_speed                     ui
     0000C926  _text_out_speed                    ui
     0000C927  _text_draw_speed                   ui
     0000C928  _text_ff_joypad                    ui
     0000C929  _text_ff                           ui
     0000C92A  _text_bkg_fill                     ui
     0000C92B  _ui_text_data                      ui
     0000CA35  _vwf_current_mask                  ui
[...]
                                          [ scene_2 ]
C:/Users/weepi/AppData/Local/Temp/_gbsbuild/obj/scene_3_collisions.rel
                                          [ scene_3_collisions ]
C:/Users/weepi/AppData/Local/Temp/_gbsbuild/obj/scene_3_init.rel
                                          [ scene_3_init ]
C:/Users/weepi/AppData/Local/Temp/_gbsbuild/obj/scene_3.rel
                                          [ scene_3 ]
C:/Users/weepi/AppData/Local/Temp/_gbsbuild/obj/scene_4_collisions.rel
                                          [ scene_4_collisions ]
C:/Users/weepi/AppData/Local/Temp/_gbsbuild/obj/scene_4_init.rel
                                          [ scene_4_init ]
C:/Users/weepi/AppData/Local/Temp/_gbsbuild/obj/scene_4_projectiles.rel
                                          [ scene_4_projectiles ]
C:/Users/weepi/AppData/Local/Temp/_gbsbuild/obj/scene_4_sprites.rel
                                          [ scene_4_sprites ]
C:/Users/weepi/AppData/Local/Temp/_gbsbuild/obj/scene_4_triggers.rel
                                          [ scene_4_triggers ]
C:/Users/weepi/AppData/Local/Temp/_gbsbuild/obj/scene_4.rel
                                          [ scene_4 ]
C:/Users/weepi/AppData/Local/Temp/_gbsbuild/obj/scene_5_actors.rel
                                          [ scene_5_actors ]
C:/Users/weepi/AppData/Local/Temp/_gbsbuild/obj/scene_5_collisions.rel
                                          [ scene_5_collisions ]
C:/Users/weepi/AppData/Local/Temp/_gbsbuild/obj/scene_5_init.rel
                                          [ scene_5_init ]
C:/Users/weepi/AppData/Local/Temp/_gbsbuild/obj/scene_5_projectiles.rel
                                          [ scene_5_projectiles ]
C:/Users/weepi/AppData/Local/Temp/_gbsbuild/obj/scene_5_sprites.rel
                                          [ scene_5_sprites ]
C:/Users/weepi/AppData/Local/Temp/_gbsbuild/obj/scene_5_triggers.rel
                                          [ scene_5_triggers ]
C:/Users/weepi/AppData/Local/Temp/_gbsbuild/obj/scene_5.rel
                                          [ scene_5 ]
C:/Users/weepi/AppData/Local/Temp/_gbsbuild/obj/scene_6_actors.rel
                                          [ scene_6_actors ]
C:/Users/weepi/AppData/Local/Temp/_gbsbuild/obj/scene_6_collisions.rel
                                          [ scene_6_collisions ]
C:/Users/weepi/AppData/Local/Temp/_gbsbuild/obj/scene_6_init.rel
                                          [ scene_6_init ]
C:/Users/weepi/AppData/Local/Temp/_gbsbuild/obj/scene_6_projectiles.rel
                                          [ scene_6_projectiles ]
C:/Users/weepi/AppData/Local/Temp/_gbsbuild/obj/scene_6_sprites.rel
                                          [ scene_6_sprites ]
C:/Users/weepi/AppData/Local/Temp/_gbsbuild/obj/scene_6_triggers.rel
                                          [ scene_6_triggers ]
C:/Users/weepi/AppData/Local/Temp/_gbsbuild/obj/scene_6.rel
                                          [ scene_6 ]
C:/Users/weepi/AppData/Local/Temp/_gbsbuild/obj/scene_7_collisions.rel
                                          [ scene_7_collisions ]
C:/Users/weepi/AppData/Local/Temp/_gbsbuild/obj/scene_7_init.rel
                                          [ scene_7_init ]
C:/Users/weepi/AppData/Local/Temp/_gbsbuild/obj/scene_7_projectiles.rel
                                          [ scene_7_projectiles ]
C:/Users/weepi/AppData/Local/Temp/_gbsbuild/obj/scene_7_sprites.rel
                                          [ scene_7_sprites ]
C:/Users/weepi/AppData/Local/Temp/_gbsbuild/obj/scene_7_triggers.rel
                                          [ scene_7_triggers ]
C:/Users/weepi/AppData/Local/Temp/_gbsbuild/obj/scene_7.rel
                                          [ scene_7 ]
C:/Users/weepi/AppData/Local/Temp/_gbsbuild/obj/scene_8_actors.rel
                                          [ scene_8_actors ]
C:/Users/weepi/AppData/Local/Temp/_gbsbuild/obj/scene_8_collisions.rel
                                          [ scene_8_collisions ]
C:/Users/weepi/AppData/Local/Temp/_gbsbuild/obj/scene_8_init.rel
                                          [ scene_8_init ]
C:/Users/weepi/AppData/Local/Temp/_gbsbuild/obj/scene_8_projectiles.rel
                                          [ scene_8_projectiles ]
C:/Users/weepi/AppData/Local/Temp/_gbsbuild/obj/scene_8_sprites.rel
                                          [ scene_8_sprites ]
C:/Users/weepi/AppData/Local/Temp/_gbsbuild/obj/scene_8_triggers.rel
                                          [ scene_8_triggers ]
C:/Users/weepi/AppData/Local/Temp/_gbsbuild/obj/scene_8.rel
                                          [ scene_8 ]
C:/Users/weepi/AppData/Local/Temp/_gbsbuild/obj/scene_9_actors.rel
                                          [ scene_9_actors ]
C:/Users/weepi/AppData/Local/Temp/_gbsbuild/obj/scene_9_collisions.rel
                                          [ scene_9_collisions ]
C:/Users/weepi/AppData/Local/Temp/_gbsbuild/obj/scene_9_init.rel
                                          [ scene_9_init ]
C:/Users/weepi/AppData/Local/Temp/_gbsbuild/obj/scene_9_p_hit1.rel
                                          [ scene_9_p_hit1 ]
C:/Users/weepi/AppData/Local/Temp/_gbsbuild/obj/scene_9_projectiles.rel
                                          [ scene_9_projectiles ]
C:/Users/weepi/AppData/Local/Temp/_gbsbuild/obj/scene_9_sprites.rel
                                          [ scene_9_sprites ]
C:/Users/weepi/AppData/Local/Temp/_gbsbuild/obj/scene_9_triggers.rel
                                          [ scene_9_triggers ]
C:/Users/weepi/AppData/Local/Temp/_gbsbuild/obj/scene_9.rel
                                          [ scene_9 ]
C:/Users/weepi/AppData/Local/Temp/_gbsbuild/obj/script_5.rel
                                          [ script_5 ]
C:/Users/weepi/AppData/Local/Temp/_gbsbuild/obj/script_engine_init.rel
                                          [  ]
C:/Users/weepi/AppData/Local/Temp/_gbsbuild/obj/script_input_0.rel
                                          [ script_input_0 ]
C:/Users/weepi/AppData/Local/Temp/_gbsbuild/obj/script_timer_0.rel
                                          [ script_timer_0 ]
C:/Users/weepi/AppData/Local/Temp/_gbsbuild/obj/script_timer_1.rel
                                          [ script_timer_1 ]
C:/Users/weepi/AppData/Local/Temp/_gbsbuild/obj/script_timer_10.rel
                                          [ script_timer_10 ]
C:/Users/weepi/AppData/Local/Temp/_gbsbuild/obj/script_timer_11.rel
                                          [ script_timer_11 ]
C:/Users/weepi/AppData/Local/Temp/_gbsbuild/obj/script_timer_2.rel
                                          [ script_timer_2 ]
C:/Users/weepi/AppData/Local/Temp/_gbsbuild/obj/script_timer_3.rel
                                          [ script_timer_3 ]
C:/Users/weepi/AppData/Local/Temp/_gbsbuild/obj/script_timer_4.rel
                                          [ script_timer_4 ]
C:/Users/weepi/AppData/Local/Temp/_gbsbuild/obj/script_timer_5.rel
                                          [ script_timer_5 ]
C:/Users/weepi/AppData/Local/Temp/_gbsbuild/obj/script_timer_6.rel
                                          [ script_timer_6 ]
C:/Users/weepi/AppData/Local/Temp/_gbsbuild/obj/script_timer_7.rel
                                          [ script_timer_7 ]
C:/Users/weepi/AppData/Local/Temp/_gbsbuild/obj/script_timer_8.rel
                                          [ script_timer_8 ]
C:/Users/weepi/AppData/Local/Temp/_gbsbuild/obj/script_timer_9.rel
                                          [ script_timer_9 ]
C:/Users/weepi/AppData/Local/Temp/_gbsbuild/obj/sprite_actor_animated_tileset.rel
                                          [ sprite_actor_animated_tileset ]
C:/Users/weepi/AppData/Local/Temp/_gbsbuild/obj/sprite_actor_animated.rel
                                          [ sprite_actor_animated ]
C:/Users/weepi/AppData/Local/Temp/_gbsbuild/obj/sprite_avatar_tileset.rel
                                          [ sprite_avatar_tileset ]
C:/Users/weepi/AppData/Local/Temp/_gbsbuild/obj/sprite_avatar.rel
                                          [ sprite_avatar ]
C:/Users/weepi/AppData/Local/Temp/_gbsbuild/obj/sprite_child_tileset.rel
                                          [ sprite_child_tileset ]
C:/Users/weepi/AppData/Local/Temp/_gbsbuild/obj/sprite_child.rel
                                          [ sprite_child ]
C:/Users/weepi/AppData/Local/Temp/_gbsbuild/obj/sprite_enemy1_copy_tileset.rel
                                          [ sprite_enemy1_copy_tileset ]
C:/Users/weepi/AppData/Local/Temp/_gbsbuild/obj/sprite_enemy1_copy.rel
                                          [ sprite_enemy1_copy ]
C:/Users/weepi/AppData/Local/Temp/_gbsbuild/obj/sprite_enemy1_tileset.rel
                                          [ sprite_enemy1_tileset ]
C:/Users/weepi/AppData/Local/Temp/_gbsbuild/obj/sprite_enemy1.rel
                                          [ sprite_enemy1 ]
C:/Users/weepi/AppData/Local/Temp/_gbsbuild/obj/sprite_enemy2_tileset.rel
                                          [ sprite_enemy2_tileset ]
C:/Users/weepi/AppData/Local/Temp/_gbsbuild/obj/sprite_enemy2.rel
                                          [ sprite_enemy2 ]
C:/Users/weepi/AppData/Local/Temp/_gbsbuild/obj/sprite_key_tileset.rel
                                          [ sprite_key_tileset ]
C:/Users/weepi/AppData/Local/Temp/_gbsbuild/obj/sprite_key.rel
                                          [ sprite_key ]
C:/Users/weepi/AppData/Local/Temp/_gbsbuild/obj/sprite_locked_door_tileset.rel
                                          [ sprite_locked_door_tileset ]
C:/Users/weepi/AppData/Local/Temp/_gbsbuild/obj/sprite_locked_door.rel
                                          [ sprite_locked_door ]
C:/Users/weepi/AppData/Local/Temp/_gbsbuild/obj/sprite_playersprites_copy_tileset.rel
                                          [ sprite_playersprites_copy_tilese ]
C:/Users/weepi/AppData/Local/Temp/_gbsbuild/obj/sprite_playersprites_copy.rel
                                          [ sprite_playersprites_copy ]
C:/Users/weepi/AppData/Local/Temp/_gbsbuild/obj/sprite_playersprites_tileset.rel
                                          [ sprite_playersprites_tileset ]
C:/Users/weepi/AppData/Local/Temp/_gbsbuild/obj/sprite_playersprites.rel
                                          [ sprite_playersprites ]
C:/Users/weepi/AppData/Local/Temp/_gbsbuild/obj/sprite_villageelder2_tileset.rel
                                          [ sprite_villageelder2_tileset ]
C:/Users/weepi/AppData/Local/Temp/_gbsbuild/obj/sprite_villageelder2.rel
                                          [ sprite_villageelder2 ]
C:/Users/weepi/AppData/Local/Temp/_gbsbuild/obj/sprite_villager_tileset.rel
                                          [ sprite_villager_tileset ]
C:/Users/weepi/AppData/Local/Temp/_gbsbuild/obj/sprite_villager.rel
                                          [ sprite_villager ]
C:/Users/weepi/AppData/Local/Temp/_gbsbuild/obj/sprite_villager2_tileset.rel
                                          [ sprite_villager2_tileset ]
C:/Users/weepi/AppData/Local/Temp/_gbsbuild/obj/sprite_villager2.rel
                                          [ sprite_villager2 ]
C:/Users/weepi/AppData/Local/Temp/_gbsbuild/obj/sprite_wizard_tileset.rel
                                          [ sprite_wizard_tileset ]
C:/Users/weepi/AppData/Local/Temp/_gbsbuild/obj/sprite_wizard.rel
                                          [ sprite_wizard ]
C:/Users/weepi/AppData/Local/Temp/_gbsbuild/obj/sprite_wizardattack_tileset.rel
                                          [ sprite_wizardattack_tileset ]
C:/Users/weepi/AppData/Local/Temp/_gbsbuild/obj/sprite_wizardattack.rel
                                          [ sprite_wizardattack ]
C:/Users/weepi/AppData/Local/Temp/_gbsbuild/obj/spritesheet_none.rel
                                          [ spritesheet_none ]
C:/Users/weepi/AppData/Local/Temp/_gbsbuild/obj/trigger_0_interact.rel
                                          [ trigger_0_interact ]
C:/Users/weepi/AppData/Local/Temp/_gbsbuild/obj/trigger_1_interact.rel
                                          [ trigger_1_interact ]
C:/Users/weepi/AppData/Local/Temp/_gbsbuild/obj/trigger_10_interact.rel
                                          [ trigger_10_interact ]
C:/Users/weepi/AppData/Local/Temp/_gbsbuild/obj/trigger_11_interact.rel
                                          [ trigger_11_interact ]
C:/Users/weepi/AppData/Local/Temp/_gbsbuild/obj/trigger_12_interact.rel
                                          [ trigger_12_interact ]
C:/Users/weepi/AppData/Local/Temp/_gbsbuild/obj/trigger_13_interact.rel
                                          [ trigger_13_interact ]
C:/Users/weepi/AppData/Local/Temp/_gbsbuild/obj/trigger_14_interact.rel
                                          [ trigger_14_interact ]
C:/Users/weepi/AppData/Local/Temp/_gbsbuild/obj/trigger_15_interact.rel
                                          [ trigger_15_interact ]
C:/Users/weepi/AppData/Local/Temp/_gbsbuild/obj/trigger_16_interact.rel
                                          [ trigger_16_interact ]
C:/Users/weepi/AppData/Local/Temp/_gbsbuild/obj/trigger_17_interact.rel
                                          [ trigger_17_interact ]
C:/Users/weepi/AppData/Local/Temp/_gbsbuild/obj/trigger_18_interact.rel
                                          [ trigger_18_interact ]
C:/Users/weepi/AppData/Local/Temp/_gbsbuild/obj/trigger_19_interact.rel
                                          [ trigger_19_interact ]
C:/Users/weepi/AppData/Local/Temp/_gbsbuild/obj/trigger_2_interact.rel
                                          [ trigger_2_interact ]
C:/Users/weepi/AppData/Local/Temp/_gbsbuild/obj/trigger_20_interact.rel
                                          [ trigger_20_interact ]
C:/Users/weepi/AppData/Local/Temp/_gbsbuild/obj/trigger_21_interact.rel
                                          [ trigger_21_interact ]
C:/Users/weepi/AppData/Local/Temp/_gbsbuild/obj/trigger_3_interact.rel
                                          [ trigger_3_interact ]
C:/Users/weepi/AppData/Local/Temp/_gbsbuild/obj/trigger_4_interact.rel
                                          [ trigger_4_interact ]
C:/Users/weepi/AppData/Local/Temp/_gbsbuild/obj/trigger_5_interact.rel
                                          [ trigger_5_interact ]
C:/Users/weepi/AppData/Local/Temp/_gbsbuild/obj/trigger_6_interact.rel
                                          [ trigger_6_interact ]
C:/Users/weepi/AppData/Local/Temp/_gbsbuild/obj/trigger_7_interact.rel
                                          [ trigger_7_interact ]
C:/Users/weepi/AppData/Local/Temp/_gbsbuild/obj/trigger_8_interact.rel
                                          [ trigger_8_interact ]
C:/Users/weepi/AppData/Local/Temp/_gbsbuild/obj/trigger_9_interact.rel
                                          [ trigger_9_interact ]
C:/Users/weepi/AppData/Local/Temp/_gbsbuild/obj/main.rel
                                          [ main ]
C:/Users/weepi/AppData/Local/Temp/_gbsbuild/obj/adventure.rel
                                          [ adventure ]
C:/Users/weepi/AppData/Local/Temp/_gbsbuild/obj/logo.rel
                                          [ logo ]
C:/Users/weepi/AppData/Local/Temp/_gbsbuild/obj/platform.rel
                                          [ platform ]
C:/Users/weepi/AppData/Local/Temp/_gbsbuild/obj/pointnclick.rel
                                          [ pointnclick ]
C:/Users/weepi/AppData/Local/Temp/_gbsbuild/obj/shmup.rel
                                          [ shmup ]
C:/Users/weepi/AppData/Local/Temp/_gbsbuild/obj/states_ptrs.rel
                                          [  ]
C:/Users/weepi/AppData/Local/Temp/_gbsbuild/obj/topdown.rel
                                          [ topdown ]


Libraries Linked                          [ object file ]

C:\Users\weepi\AppData\Local\Temp/_gbstools/gbdk/lib/small/asxxxx/gb/gb.lib
                                          [ fill_rect_wi.o ]
C:\Users\weepi\AppData\Local\Temp/_gbstools/gbdk/lib/small/asxxxx/gbz80/gbz80.lib
                                          [ rand.o ]
lib/hUGEDriver.lib                        [ hUGEDriver.obj.o ]
C:\Users\weepi\AppData\Local\Temp/_gbstools/gbdk/lib/small/asxxxx/gb/gb.lib
                                          [ sfr.o ]
C:\Users\weepi\AppData\Local\Temp/_gbstools/gbdk/lib/small/asxxxx/gb/gb.lib
                                          [ get_data.o ]
C:\Users\weepi\AppData\Local\Temp/_gbstools/gbdk/lib/small/asxxxx/gb/gb.lib
                                          [ get_tile.o ]
C:\Users\weepi\AppData\Local\Temp/_gbstools/gbdk/lib/small/asxxxx/gb/gb.lib
                                          [ metasprites_hide_spr.o ]
C:\Users\weepi\AppData\Local\Temp/_gbstools/gbdk/lib/small/asxxxx/gbz80/gbz80.lib
                                          [ mul.o ]
C:\Users\weepi\AppData\Local\Temp/_gbstools/gbdk/lib/small/asxxxx/gbz80/gbz80.lib
                                          [ abs.o ]
C:\Users\weepi\AppData\Local\Temp/_gbstools/gbdk/lib/small/asxxxx/gb/gb.lib
                                          [ set_wi_t.o ]
C:\Users\weepi\AppData\Local\Temp/_gbstools/gbdk/lib/small/asxxxx/gb/gb.lib
                                          [ set_data.o ]
C:\Users\weepi\AppData\Local\Temp/_gbstools/gbdk/lib/small/asxxxx/gbz80/gbz80.lib
                                          [ reverse.o ]
C:\Users\weepi\AppData\Local\Temp/_gbstools/gbdk/lib/small/asxxxx/gb/gb.lib
                                          [ far_ptr.o ]
C:\Users\weepi\AppData\Local\Temp/_gbstools/gbdk/lib/small/asxxxx/gb/gb.lib
                                          [ sgb.o ]
C:\Users\weepi\AppData\Local\Temp/_gbstools/gbdk/lib/small/asxxxx/gb/gb.lib
                                          [ lcd.o ]
C:\Users\weepi\AppData\Local\Temp/_gbstools/gbdk/lib/small/asxxxx/gb/gb.lib
                                          [ fill_rect.o ]
C:\Users\weepi\AppData\Local\Temp/_gbstools/gbdk/lib/small/asxxxx/gb/gb.lib
                                          [ cpy_data.o ]
C:\Users\weepi\AppData\Local\Temp/_gbstools/gbdk/lib/small/asxxxx/gb/gb.lib
                                          [ fill_rect_bk.o ]
C:\Users\weepi\AppData\Local\Temp/_gbstools/gbdk/lib/small/asxxxx/gb/gb.lib
                                          [ pad.o ]
C:\Users\weepi\AppData\Local\Temp/_gbstools/gbdk/lib/small/asxxxx/gb/gb.lib
                                          [ metasprites.o ]
C:\Users\weepi\AppData\Local\Temp/_gbstools/gbdk/lib/small/asxxxx/gbz80/gbz80.lib
                                          [ __sdcc_call_hl.o ]
C:\Users\weepi\AppData\Local\Temp/_gbstools/gbdk/lib/small/asxxxx/gbz80/gbz80.lib
                                          [ _memcpy.o ]
C:\Users\weepi\AppData\Local\Temp/_gbstools/gbdk/lib/small/asxxxx/gbz80/gbz80.lib
                                          [ _memset.o ]
C:\Users\weepi\AppData\Local\Temp/_gbstools/gbdk/lib/small/asxxxx/gb/gb.lib
                                          [ set_xy_t.o ]
C:\Users\weepi\AppData\Local\Temp/_gbstools/gbdk/lib/small/asxxxx/gbz80/gbz80.lib
                                          [ div.o ]
C:\Users\weepi\AppData\Local\Temp/_gbstools/gbdk/lib/small/asxxxx/gb/gb.lib
                                          [ set_bk_t.o ]

ASxxxx Linker V03.00 + NoICE + sdld,  page 72.

User Base Address Definitions

_DATA=0xC0A0
_CODE=0x0200
ASxxxx Linker V03.00 + NoICE + sdld,  page 73.

User Global Definitions

.STACK=0xDF00
_shadow_OAM=0xC000
.refresh_OAM=0xFF80
__start_save=4

